Archive member included because of file (symbol)

contiki-sky.a(rimeaddr.o)     example-collect.co (rimeaddr_copy)
contiki-sky.a(rime.o)         obj_sky/contiki-sky-main.o (rime_driver)
contiki-sky.a(announcement.o)
                              contiki-sky.a(rime.o) (announcement_init)
contiki-sky.a(broadcast-annou)
                              contiki-sky.a(rime.o) (broadcast_announcement_init)
contiki-sky.a(broadcast.o)    contiki-sky.a(broadcast-annou) (broadcast_open)
contiki-sky.a(abc.o)          contiki-sky.a(broadcast.o) (abc_open)
contiki-sky.a(collect.o)      example-collect.co (collect_open)
contiki-sky.a(collect-neighbo)
                              contiki-sky.a(collect.o) (collect_neighbor_init)
contiki-sky.a(collect-link-es)
                              contiki-sky.a(collect-neighbo) (collect_link_estimate_new)
contiki-sky.a(chameleon.o)    contiki-sky.a(rime.o) (chameleon_init)
contiki-sky.a(channel.o)      contiki-sky.a(chameleon.o) (channel_init)
contiki-sky.a(chameleon-bitop)
                              contiki-sky.a(chameleon.o) (chameleon_bitopt)
contiki-sky.a(csma.o)         obj_sky/contiki-sky-main.o (csma_driver)
contiki-sky.a(contikimac.o)   obj_sky/contiki-sky-main.o (contikimac_driver)
contiki-sky.a(phase.o)        contiki-sky.a(contikimac.o) (phase_update)
contiki-sky.a(process.o)      obj_sky/contiki-sky-main.o (process_init)
contiki-sky.a(autostart.o)    obj_sky/contiki-sky-main.o (autostart_start)
contiki-sky.a(compower.o)     contiki-sky.a(contikimac.o) (compower_idle_activity)
contiki-sky.a(serial-line.o)  obj_sky/contiki-sky-main.o (serial_line_input_byte)
contiki-sky.a(memb.o)         contiki-sky.a(collect-neighbo) (memb_init)
contiki-sky.a(timer.o)        obj_sky/contiki-sky-main.o (timer_set)
contiki-sky.a(list.o)         contiki-sky.a(announcement.o) (list_init)
contiki-sky.a(etimer.o)       obj_sky/contiki-sky-main.o (etimer_process)
contiki-sky.a(ctimer.o)       obj_sky/contiki-sky-main.o (ctimer_init)
contiki-sky.a(energest.o)     obj_sky/contiki-sky-main.o (energest_init)
contiki-sky.a(rtimer.o)       obj_sky/contiki-sky-main.o (rtimer_init)
contiki-sky.a(random.o)       obj_sky/contiki-sky-main.o (random_init)
contiki-sky.a(ringbuf.o)      contiki-sky.a(serial-line.o) (ringbuf_init)
contiki-sky.a(nbr-table.o)    contiki-sky.a(phase.o) (nbr_table_register)
contiki-sky.a(packetbuf.o)    contiki-sky.a(contikimac.o) (packetbuf_hdr_remove)
contiki-sky.a(packetqueue.o)  contiki-sky.a(collect.o) (packetqueue_enqueue_packetbuf)
contiki-sky.a(queuebuf.o)     contiki-sky.a(rime.o) (queuebuf_init)
contiki-sky.a(contiki-sky-pla)
                              obj_sky/contiki-sky-main.o (init_platform)
contiki-sky.a(button-sensor.o)
                              contiki-sky.a(contiki-sky-pla) (button_sensor)
contiki-sky.a(ds2411.o)       obj_sky/contiki-sky-main.o (ds2411_init)
contiki-sky.a(xmem.o)         obj_sky/contiki-sky-main.o (xmem_init)
contiki-sky.a(node-id.o)      obj_sky/contiki-sky-main.o (node_id_restore)
contiki-sky.a(sensors.o)      contiki-sky.a(button-sensor.o) (sensors_changed)
contiki-sky.a(cc2420.o)       obj_sky/contiki-sky-main.o (cc2420_set_pan_addr)
contiki-sky.a(cc2420-arch.o)  contiki-sky.a(cc2420.o) (cc2420_arch_init)
contiki-sky.a(uart1.o)        obj_sky/contiki-sky-main.o (uart1_active)
contiki-sky.a(uart1-putchar.o)
                              obj_sky/contiki-sky-main.o (putchar)
contiki-sky.a(msp430.o)       contiki-sky.a(uart1.o) (msp430_add_lpm_req)
contiki-sky.a(clock.o)        contiki-sky.a(collect.o) (clock_time)
contiki-sky.a(leds.o)         obj_sky/contiki-sky-main.o (leds_init)
contiki-sky.a(leds-arch.o)    contiki-sky.a(leds.o) (leds_arch_init)
contiki-sky.a(watchdog.o)     obj_sky/contiki-sky-main.o (watchdog_start)
contiki-sky.a(rtimer-arch.o)  contiki-sky.a(rtimer.o) (rtimer_arch_init)
contiki-sky.a(unicast.o)      contiki-sky.a(collect.o) (unicast_open)
contiki-sky.a(mac.o)          contiki-sky.a(csma.o) (mac_call_sent_callback)
contiki-sky.a(framer-802154.o)
                              contiki-sky.a(contikimac.o) (framer_802154)
contiki-sky.a(spi.o)          contiki-sky.a(xmem.o) (spi_init)
contiki-sky.a(frame802154.o)  contiki-sky.a(framer-802154.o) (frame802154_hdrlen)
/usr/local/msp430/bin/../lib/gcc/msp430/4.7.0/mmpy-16/libgcc.a(_mulsi3.o)
                              contiki-sky.a(csma.o) (__mulsi3)
/usr/local/msp430/bin/../lib/gcc/msp430/4.7.0/mmpy-16/libgcc.a(_udivmod16.o)
                              example-collect.co (__umodhi3)
/usr/local/msp430/bin/../lib/gcc/msp430/4.7.0/mmpy-16/libgcc.a(_divmod16.o)
                              contiki-sky.a(nbr-table.o) (__divhi3)
/usr/local/msp430/bin/../lib/gcc/msp430/4.7.0/mmpy-16/libgcc.a(_udivmod32.o)
                              obj_sky/contiki-sky-main.o (__udivsi3)
/usr/local/msp430/bin/../lib/gcc/msp430/4.7.0/../../../../msp430/lib/mmpy-16/libc.a(printf.o)
                              example-collect.co (printf)
[...]
Memory Configuration

Name             Origin             Length             Attributes
sfr              0x00000000         0x00000010
peripheral_8bit  0x00000010         0x000000f0
peripheral_16bit 0x00000100         0x00000100
ram_mirror       0x00000200         0x00000800         xw
infomem          0x00001000         0x00000100
infob            0x00001000         0x00000080
infoa            0x00001080         0x00000080
ram              0x00001100         0x00002800         xw
rom              0x00004000         0x0000bfe0         xr
vectors          0x0000ffe0         0x00000020
bsl              0x00000000         0x00000000
infoc            0x00000000         0x00000000
infod            0x00000000         0x00000000
ram2             0x00000000         0x00000000         xw
usbram           0x00000000         0x00000000         xw
far_rom          0x00000000         0x00000000
*default*        0x00000000         0xffffffff

Linker script and memory map

LOAD /usr/local/msp430/bin/../lib/gcc/msp430/4.7.0/mmpy-16/crt0ivtbl16.o
LOAD example-collect.co
LOAD obj_sky/contiki-sky-main.o
LOAD contiki-sky.a
LOAD /usr/local/msp430/bin/../lib/gcc/msp430/4.7.0/mmpy-16/libgcc.a
LOAD /usr/local/msp430/bin/../lib/gcc/msp430/4.7.0/../../../../msp430/lib/mmpy-16/libc.a
LOAD /usr/local/msp430/bin/../lib/gcc/msp430/4.7.0/mmpy-16/libgcc.a
LOAD /usr/local/msp430/bin/../lib/gcc/msp430/4.7.0/mmpy-16/libcrt0.a
                0x00000080                PROVIDE (__info_segment_size, 0x80)
                0x00001000                PROVIDE (__infob, 0x1000)
                0x00001080                PROVIDE (__infoa, 0x1080)
                0x00000000                __IE1 = 0x0
                0x00000002                __IFG1 = 0x2
                0x00000004                __ME1 = 0x4
                0x00000001                __IE2 = 0x1
                0x00000003                __IFG2 = 0x3
                0x00000005                __ME2 = 0x5
                0x00000120                __WDTCTL = 0x120
                0x00000130                __MPY = 0x130
                0x00000132                __MPYS = 0x132
                0x00000134                __MAC = 0x134
                0x00000136                __MACS = 0x136
                0x00000138                __OP2 = 0x138
                0x0000013a                __RESLO = 0x13a
                0x0000013c                __RESHI = 0x13c
                0x0000013e                __SUMEXT = 0x13e
                0x00000020                __P1IN = 0x20
                0x00000021                __P1OUT = 0x21
                0x00000022                __P1DIR = 0x22
                0x00000023                __P1IFG = 0x23
                0x00000024                __P1IES = 0x24
                0x00000025                __P1IE = 0x25
                0x00000026                __P1SEL = 0x26
                0x00000028                __P2IN = 0x28
                0x00000029                __P2OUT = 0x29
                0x0000002a                __P2DIR = 0x2a
                0x0000002b                __P2IFG = 0x2b
                0x0000002c                __P2IES = 0x2c
                0x0000002d                __P2IE = 0x2d
                0x0000002e                __P2SEL = 0x2e
                0x00000018                __P3IN = 0x18
                0x00000019                __P3OUT = 0x19
                0x0000001a                __P3DIR = 0x1a
                0x0000001b                __P3SEL = 0x1b
                0x0000001c                __P4IN = 0x1c
                0x0000001d                __P4OUT = 0x1d
                0x0000001e                __P4DIR = 0x1e
                0x0000001f                __P4SEL = 0x1f
                0x00000030                __P5IN = 0x30
                0x00000031                __P5OUT = 0x31
                0x00000032                __P5DIR = 0x32
                0x00000033                __P5SEL = 0x33
                0x00000034                __P6IN = 0x34
                0x00000035                __P6OUT = 0x35
                0x00000036                __P6DIR = 0x36
                0x00000037                __P6SEL = 0x37
                0x00000070                __U0CTL = 0x70
                0x00000071                __U0TCTL = 0x71
                0x00000072                __U0RCTL = 0x72
                0x00000073                __U0MCTL = 0x73
                0x00000074                __U0BR0 = 0x74
                0x00000075                __U0BR1 = 0x75
                0x00000076                __U0RXBUF = 0x76
                0x00000077                __U0TXBUF = 0x77
                0x00000078                __U1CTL = 0x78
                0x00000079                __U1TCTL = 0x79
                0x0000007a                __U1RCTL = 0x7a
                0x0000007b                __U1MCTL = 0x7b
                0x0000007c                __U1BR0 = 0x7c
                0x0000007d                __U1BR1 = 0x7d
                0x0000007e                __U1RXBUF = 0x7e
                0x0000007f                __U1TXBUF = 0x7f
                0x00000050                __I2CIE = 0x50
                0x00000051                __I2CIFG = 0x51
                0x00000052                __I2CNDAT = 0x52
                0x00000071                __I2CTCTL = 0x71
                0x00000072                __I2CDCTL = 0x72
                0x00000073                __I2CPSC = 0x73
                0x00000074                __I2CSCLH = 0x74
                0x00000075                __I2CSCLL = 0x75
                0x00000076                __I2CDRB = 0x76
                0x00000076                __I2CDRW = 0x76
                0x00000118                __I2COA = 0x118
                0x0000011a                __I2CSA = 0x11a
                0x0000011c                __I2CIV = 0x11c
                0x0000012e                __TAIV = 0x12e
                0x00000160                __TACTL = 0x160
                0x00000162                __TACCTL0 = 0x162
                0x00000164                __TACCTL1 = 0x164
                0x00000166                __TACCTL2 = 0x166
                0x00000170                __TAR = 0x170
                0x00000172                __TACCR0 = 0x172
                0x00000174                __TACCR1 = 0x174
                0x00000176                __TACCR2 = 0x176
                0x0000011e                __TBIV = 0x11e
                0x00000180                __TBCTL = 0x180
                0x00000182                __TBCCTL0 = 0x182
                0x00000184                __TBCCTL1 = 0x184
                0x00000186                __TBCCTL2 = 0x186
                0x00000188                __TBCCTL3 = 0x188
                0x0000018a                __TBCCTL4 = 0x18a
                0x0000018c                __TBCCTL5 = 0x18c
                0x0000018e                __TBCCTL6 = 0x18e
                0x00000190                __TBR = 0x190
                0x00000192                __TBCCR0 = 0x192
                0x00000194                __TBCCR1 = 0x194
                0x00000196                __TBCCR2 = 0x196
                0x00000198                __TBCCR3 = 0x198
                0x0000019a                __TBCCR4 = 0x19a
                0x0000019c                __TBCCR5 = 0x19c
                0x0000019e                __TBCCR6 = 0x19e
                0x00000056                __DCOCTL = 0x56
                0x00000057                __BCSCTL1 = 0x57
                0x00000058                __BCSCTL2 = 0x58
                0x00000055                __SVSCTL = 0x55
                0x00000128                __FCTL1 = 0x128
                0x0000012a                __FCTL2 = 0x12a
                0x0000012c                __FCTL3 = 0x12c
                0x00000059                __CACTL1 = 0x59
                0x0000005a                __CACTL2 = 0x5a
                0x0000005b                __CAPD = 0x5b
                0x000001a0                __ADC12CTL0 = 0x1a0
                0x000001a2                __ADC12CTL1 = 0x1a2
                0x000001a4                __ADC12IFG = 0x1a4
                0x000001a6                __ADC12IE = 0x1a6
                0x000001a8                __ADC12IV = 0x1a8
                0x00000140                __ADC12MEM0 = 0x140
                0x00000142                __ADC12MEM1 = 0x142
                0x00000144                __ADC12MEM2 = 0x144
                0x00000146                __ADC12MEM3 = 0x146
                0x00000148                __ADC12MEM4 = 0x148
                0x0000014a                __ADC12MEM5 = 0x14a
                0x0000014c                __ADC12MEM6 = 0x14c
                0x0000014e                __ADC12MEM7 = 0x14e
                0x00000150                __ADC12MEM8 = 0x150
                0x00000152                __ADC12MEM9 = 0x152
                0x00000154                __ADC12MEM10 = 0x154
                0x00000156                __ADC12MEM11 = 0x156
                0x00000158                __ADC12MEM12 = 0x158
                0x0000015a                __ADC12MEM13 = 0x15a
                0x0000015c                __ADC12MEM14 = 0x15c
                0x0000015e                __ADC12MEM15 = 0x15e
                0x00000080                __ADC12MCTL0 = 0x80
                0x00000081                __ADC12MCTL1 = 0x81
                0x00000082                __ADC12MCTL2 = 0x82
                0x00000083                __ADC12MCTL3 = 0x83
                0x00000084                __ADC12MCTL4 = 0x84
                0x00000085                __ADC12MCTL5 = 0x85
                0x00000086                __ADC12MCTL6 = 0x86
                0x00000087                __ADC12MCTL7 = 0x87
                0x00000088                __ADC12MCTL8 = 0x88
                0x00000089                __ADC12MCTL9 = 0x89
                0x0000008a                __ADC12MCTL10 = 0x8a
                0x0000008b                __ADC12MCTL11 = 0x8b
                0x0000008c                __ADC12MCTL12 = 0x8c
                0x0000008d                __ADC12MCTL13 = 0x8d
                0x0000008e                __ADC12MCTL14 = 0x8e
                0x0000008f                __ADC12MCTL15 = 0x8f
                0x000001c0                __DAC12_0CTL = 0x1c0
                0x000001c2                __DAC12_1CTL = 0x1c2
                0x000001c8                __DAC12_0DAT = 0x1c8
                0x000001ca                __DAC12_1DAT = 0x1ca
                0x00000122                __DMACTL0 = 0x122
                0x00000124                __DMACTL1 = 0x124
                0x000001e0                __DMA0CTL = 0x1e0
                0x000001e8                __DMA1CTL = 0x1e8
                0x000001f0                __DMA2CTL = 0x1f0
                0x000001e2                __DMA0SA = 0x1e2
                0x000001e4                __DMA0DA = 0x1e4
                0x000001e6                __DMA0SZ = 0x1e6
                0x000001ea                __DMA1SA = 0x1ea
                0x000001ec                __DMA1DA = 0x1ec
                0x000001ee                __DMA1SZ = 0x1ee
                0x000001f2                __DMA2SA = 0x1f2
                0x000001f4                __DMA2DA = 0x1f4
                0x000001f6                __DMA2SZ = 0x1f6

.hash
 *(.hash)

.dynsym
 *(.dynsym)

.dynstr
 *(.dynstr)

.gnu.version
 *(.gnu.version)

.gnu.version_d
 *(.gnu.version_d)

.gnu.version_r
 *(.gnu.version_r)

.rel.init
 *(.rel.init)

.rela.init
 *(.rela.init)

.rel.fini
 *(.rel.fini)

.rela.fini
 *(.rela.fini)

.rel.text
 *(.rel.text .rel.text.* .rel.gnu.linkonce.t.*)

.rela.text
 *(.rela.text .rela.text.* .rela.gnu.linkonce.t.*)

.rel.rodata
 *(.rel.rodata .rel.rodata.* .rel.gnu.linkonce.r.*)

.rela.rodata
 *(.rela.rodata .rela.rodata.* .rela.gnu.linkonce.r.*)

.rel.data
 *(.rel.data .rel.data.* .rel.gnu.linkonce.d.*)

.rela.data
 *(.rela.data .rela.data.* .rela.gnu.linkonce.d.*)

.rel.bss
 *(.rel.bss .rel.bss.* .rel.gnu.linkonce.b.*)

.rela.bss
 *(.rela.bss .rela.bss.* .rela.gnu.linkonce.b.*)

.rel.ctors
 *(.rel.ctors)

.rela.ctors
 *(.rela.ctors)

.rel.dtors
 *(.rel.dtors)

.rela.dtors
 *(.rela.dtors)

.rel.got
 *(.rel.got)

.rela.got
 *(.rela.got)

.rel.plt
 *(.rel.plt)

.rela.plt
 *(.rela.plt)

.text           0x00004000     0x6418
                0x00004000                . = ALIGN (0x2)
 *(.init .init.*)
 *(.init0)
 .init0         0x00004000        0x0 /usr/local/msp430/bin/../lib/gcc/msp430/4.7.0/mmpy-16/libcrt0.a(_reset_vector__.o)
                0x00004000                _reset_vector__
 *(.init1)
 .init1         0x00004000        0xc /usr/local/msp430/bin/../lib/gcc/msp430/4.7.0/mmpy-16/libcrt0.a(__watchdog_support.o)
                0x00004000                __watchdog_support
 *(.init2)
 .init2         0x0000400c        0x4 /usr/local/msp430/bin/../lib/gcc/msp430/4.7.0/mmpy-16/libcrt0.a(__init_stack.o)
                0x0000400c                __init_stack
 *(.init3)
 .init3         0x00004010        0x0 /usr/local/msp430/bin/../lib/gcc/msp430/4.7.0/mmpy-16/libcrt0.a(__low_level_init.o)
                0x00004010                __low_level_init
 *(.init4)
 .init4         0x00004010       0x18 /usr/local/msp430/bin/../lib/gcc/msp430/4.7.0/mmpy-16/libcrt0.a(_copy_data.o)
                0x00004010                __do_copy_data
 .init4         0x00004028       0x16 /usr/local/msp430/bin/../lib/gcc/msp430/4.7.0/mmpy-16/libcrt0.a(_clear_bss.o)
                0x00004028                __do_clear_bss
 *(.init5)
 *(.init6)
 *(.init7)
 *(.init8)
 *(.init9)
 .init9         0x0000403e      0x2f8 obj_sky/contiki-sky-main.o
                0x0000403e                main
 *(.fini9)
 .fini9         0x00004336        0x0 /usr/local/msp430/bin/../lib/gcc/msp430/4.7.0/mmpy-16/libcrt0.a(__stop_progExec__.o)
                0x00004336                __stop_progExec__
 *(.fini8)
 *(.fini7)
 *(.fini6)
 *(.fini5)
 *(.fini4)
 *(.fini3)
 *(.fini2)
 *(.fini1)
 *(.fini0)
 .fini0         0x00004336        0x6 /usr/local/msp430/bin/../lib/gcc/msp430/4.7.0/mmpy-16/libcrt0.a(_endless_loop__.o)
                0x00004336                _endless_loop__
 *(.fini .fini.*)
                0x0000433c                . = ALIGN (0x2)
                0x0000433c                __ctors_start = .
 *(.ctors)
                0x0000433c                __ctors_end = .
                0x0000433c                __dtors_start = .
 *(.dtors)
                0x0000433c                __dtors_end = .
                0x0000433c                . = ALIGN (0x2)
 *(.text .text.* .gnu.linkonce.t.*)
 .text          0x0000433c        0x4 /usr/local/msp430/bin/../lib/gcc/msp430/4.7.0/mmpy-16/crt0ivtbl16.o
                0x0000433c                __isr_14
                0x0000433c                __isr_11
                0x0000433c                __isr_2
                0x0000433c                __isr_7
                0x0000433c                __isr_0
                0x0000433c                __isr_8
                0x0000433c                __isr_3
                0x0000433c                __isr_12
                0x0000433c                __isr_13
                0x0000433c                __isr_9
 .text.process_thread_example_collect_process
                0x00004340      0x14a example-collect.co
 .text.recv     0x0000448a       0x44 example-collect.co
 .text.rimeaddr_copy
                0x000044ce        0xc contiki-sky.a(rimeaddr.o)
                0x000044ce                rimeaddr_copy
 .text.rimeaddr_cmp
                0x000044da       0x12 contiki-sky.a(rimeaddr.o)
                0x000044da                rimeaddr_cmp
 .text.rimeaddr_set_node_addr
                0x000044ec        0xc contiki-sky.a(rimeaddr.o)
                0x000044ec                rimeaddr_set_node_addr
 .text.input    0x000044f8       0x3a contiki-sky.a(rime.o)
 .text.init     0x00004532       0x2e contiki-sky.a(rime.o)
 .text.packet_sent
                0x00004560       0x44 contiki-sky.a(rime.o)
 .text.rime_output
                0x000045a4       0x24 contiki-sky.a(rime.o)
                0x000045a4                rime_output
 .text.announcement_init
                0x000045c8        0xa contiki-sky.a(announcement.o)
                0x000045c8                announcement_init
 .text.announcement_register
                0x000045d2       0x3e contiki-sky.a(announcement.o)
                0x000045d2                announcement_register
 .text.announcement_set_value
                0x00004610       0x28 contiki-sky.a(announcement.o)
                0x00004610                announcement_set_value
 .text.announcement_bump
                0x00004638       0x22 contiki-sky.a(announcement.o)
                0x00004638                announcement_bump
 .text.announcement_register_observer_callback
                0x0000465a        0x6 contiki-sky.a(announcement.o)
                0x0000465a                announcement_register_observer_callback
 .text.announcement_list
                0x00004660        0xa contiki-sky.a(announcement.o)
                0x00004660                announcement_list
 .text.announcement_heard
                0x0000466a       0x42 contiki-sky.a(announcement.o)
                0x0000466a                announcement_heard
 .text.adv_packet_sent
                0x000046ac        0x2 contiki-sky.a(broadcast-annou)
 .text.adv_packet_received
                0x000046ae       0x64 contiki-sky.a(broadcast-annou)
 .text.set_timers
                0x00004712       0x4a contiki-sky.a(broadcast-annou)
 .text.send_timer
                0x0000475c       0x32 contiki-sky.a(broadcast-annou)
 .text.send_adv
                0x0000478e       0x66 contiki-sky.a(broadcast-annou)
 .text.new_announcement
                0x000047f4       0x18 contiki-sky.a(broadcast-annou)
 .text.broadcast_announcement_init
                0x0000480c       0x48 contiki-sky.a(broadcast-annou)
                0x0000480c                broadcast_announcement_init
 .text.sent_by_abc
                0x00004854       0x10 contiki-sky.a(broadcast.o)
 .text.recv_from_abc
                0x00004864       0x26 contiki-sky.a(broadcast.o)
 .text.broadcast_open
                0x0000488a       0x2a contiki-sky.a(broadcast.o)
                0x0000488a                broadcast_open
 .text.broadcast_send
                0x000048b4       0x1a contiki-sky.a(broadcast.o)
                0x000048b4                broadcast_send
 .text.abc_open
                0x000048ce       0x26 contiki-sky.a(abc.o)
                0x000048ce                abc_open
 .text.abc_send
                0x000048f4        0x6 contiki-sky.a(abc.o)
                0x000048f4                abc_send
 .text.abc_input
                0x000048fa        0xe contiki-sky.a(abc.o)
                0x000048fa                abc_input
 .text.abc_sent
                0x00004908       0x10 contiki-sky.a(abc.o)
                0x00004908                abc_sent
 .text.bump_advertisement
                0x00004918        0xa contiki-sky.a(collect.o)
 .text.send_packet
                0x00004922       0x3a contiki-sky.a(collect.o)
 .text.send_queued_packet
                0x0000495c       0xc8 contiki-sky.a(collect.o)
 .text.update_rtmetric
                0x00004a24       0xf4 contiki-sky.a(collect.o)
 .text.send_next_packet
                0x00004b18       0x2c contiki-sky.a(collect.o)
 .text.send_ack
                0x00004b44       0x7e contiki-sky.a(collect.o)
 .text.received_announcement
                0x00004bc2       0x9c contiki-sky.a(collect.o)
 .text.set_keepalive_timer
                0x00004c5e       0x5e contiki-sky.a(collect.o)
 .text.timedout
                0x00004cbc       0x38 contiki-sky.a(collect.o)
 .text.retransmit_callback
                0x00004cf4       0xcc contiki-sky.a(collect.o)
 .text.retransmit_not_sent_callback
                0x00004dc0        0xc contiki-sky.a(collect.o)
 .text.node_packet_sent
                0x00004dcc       0x56 contiki-sky.a(collect.o)
 .text.add_packet_to_recent_packets.part.4
                0x00004e22       0x46 contiki-sky.a(collect.o)
 .text.enqueue_dummy_packet
                0x00004e68       0x88 contiki-sky.a(collect.o)
 .text.send_keepalive
                0x00004ef0       0x32 contiki-sky.a(collect.o)
 .text.proactive_probing_callback
                0x00004f22       0xe2 contiki-sky.a(collect.o)
 .text.node_packet_received
                0x00005004      0x2e4 contiki-sky.a(collect.o)
 .text.collect_open
                0x000052e8       0xe6 contiki-sky.a(collect.o)
                0x000052e8                collect_open
 .text.collect_set_sink
                0x000053ce       0x62 contiki-sky.a(collect.o)
                0x000053ce                collect_set_sink
 .text.collect_send
                0x00005430       0xea contiki-sky.a(collect.o)
                0x00005430                collect_send
 .text.collect_parent
                0x0000551a        0x6 contiki-sky.a(collect.o)
                0x0000551a                collect_parent
 .text.periodic
                0x00005520       0x8e contiki-sky.a(collect-neighbo)
 .text.collect_neighbor_init
                0x000055ae       0x14 contiki-sky.a(collect-neighbo)
                0x000055ae                collect_neighbor_init
 .text.collect_neighbor_list_new
                0x000055c2       0x32 contiki-sky.a(collect-neighbo)
                0x000055c2                collect_neighbor_list_new
 .text.collect_neighbor_list_find
                0x000055f4       0x3c contiki-sky.a(collect-neighbo)
                0x000055f4                collect_neighbor_list_find
 .text.collect_neighbor_list_add
                0x00005630       0xb0 contiki-sky.a(collect-neighbo)
                0x00005630                collect_neighbor_list_add
 .text.collect_neighbor_list
                0x000056e0        0xe contiki-sky.a(collect-neighbo)
                0x000056e0                collect_neighbor_list
 .text.collect_neighbor_update_rtmetric
                0x000056ee        0xe contiki-sky.a(collect-neighbo)
                0x000056ee                collect_neighbor_update_rtmetric
 .text.collect_neighbor_tx_fail
                0x000056fc       0x1e contiki-sky.a(collect-neighbo)
                0x000056fc                collect_neighbor_tx_fail
 .text.collect_neighbor_tx
                0x0000571a       0x1e contiki-sky.a(collect-neighbo)
                0x0000571a                collect_neighbor_tx
 .text.collect_neighbor_rtmetric_link_estimate
                0x00005738       0x1c contiki-sky.a(collect-neighbo)
                0x00005738                collect_neighbor_rtmetric_link_estimate
 .text.collect_neighbor_list_best
                0x00005754       0x4a contiki-sky.a(collect-neighbo)
                0x00005754                collect_neighbor_list_best
 .text.collect_neighbor_rtmetric
                0x0000579e        0xe contiki-sky.a(collect-neighbo)
                0x0000579e                collect_neighbor_rtmetric
 .text.collect_neighbor_set_congested
                0x000057ac       0x14 contiki-sky.a(collect-neighbo)
                0x000057ac                collect_neighbor_set_congested
 .text.collect_link_estimate_new
                0x000057c0       0x12 contiki-sky.a(collect-link-es)
                0x000057c0                collect_link_estimate_new
 .text.collect_link_estimate_update_tx
                0x000057d2       0x9a contiki-sky.a(collect-link-es)
                0x000057d2                collect_link_estimate_update_tx
 .text.collect_link_estimate_update_tx_fail
                0x0000586c        0xc contiki-sky.a(collect-link-es)
                0x0000586c                collect_link_estimate_update_tx_fail
 .text.collect_link_estimate
                0x00005878       0x18 contiki-sky.a(collect-link-es)
                0x00005878                collect_link_estimate
 .text.collect_link_estimate_num_estimates
                0x00005890        0xe contiki-sky.a(collect-link-es)
                0x00005890                collect_link_estimate_num_estimates
 .text.chameleon_init
                0x0000589e        0x6 contiki-sky.a(chameleon.o)
                0x0000589e                chameleon_init
 .text.chameleon_parse
                0x000058a4       0x10 contiki-sky.a(chameleon.o)
                0x000058a4                chameleon_parse
 .text.chameleon_create
                0x000058b4       0x1c contiki-sky.a(chameleon.o)
                0x000058b4                chameleon_create
 .text.chameleon_hdrsize
                0x000058d0        0x6 contiki-sky.a(chameleon.o)
                0x000058d0                chameleon_hdrsize
 .text.channel_init
                0x000058d6        0xa contiki-sky.a(channel.o)
                0x000058d6                channel_init
 .text.channel_open
                0x000058e0       0x10 contiki-sky.a(channel.o)
                0x000058e0                channel_open
 .text.channel_lookup
                0x000058f0       0x20 contiki-sky.a(channel.o)
                0x000058f0                channel_lookup
 .text.channel_set_attributes
                0x00005910       0x24 contiki-sky.a(channel.o)
                0x00005910                channel_set_attributes
 .text.header_size
                0x00005934       0x16 contiki-sky.a(chameleon-bitop)
 .text.get_bits_in_byte
                0x0000594a       0x3a contiki-sky.a(chameleon-bitop)
                0x0000594a                get_bits_in_byte
 .text.get_bits
                0x00005984       0xa2 contiki-sky.a(chameleon-bitop)
                0x00005984                get_bits
 .text.unpack_header
                0x00005a26       0xd2 contiki-sky.a(chameleon-bitop)
 .text.set_bits_in_byte
                0x00005af8       0x2c contiki-sky.a(chameleon-bitop)
                0x00005af8                set_bits_in_byte
 .text.set_bits
                0x00005b24       0xc8 contiki-sky.a(chameleon-bitop)
                0x00005b24                set_bits
 .text.pack_header
                0x00005bec       0xbe contiki-sky.a(chameleon-bitop)
 .text.input_packet
                0x00005caa        0x6 contiki-sky.a(csma.o)
 .text.on       0x00005cb0        0x6 contiki-sky.a(csma.o)
 .text.off      0x00005cb6        0x6 contiki-sky.a(csma.o)
 .text.channel_check_interval
                0x00005cbc       0x10 contiki-sky.a(csma.o)
 .text.transmit_packet_list
                0x00005ccc       0x24 contiki-sky.a(csma.o)
 .text.init     0x00005cf0       0x1a contiki-sky.a(csma.o)
 .text.send_packet
                0x00005d0a      0x162 contiki-sky.a(csma.o)
 .text.free_packet
                0x00005e6c       0x98 contiki-sky.a(csma.o)
 .text.packet_sent
                0x00005f04      0x130 contiki-sky.a(csma.o)
 .text.duty_cycle
                0x00006034        0x6 contiki-sky.a(contikimac.o)
 .text.init     0x0000603a       0x2e contiki-sky.a(contikimac.o)
 .text.on       0x00006068       0x1a contiki-sky.a(contikimac.o)
 .text.off      0x00006082       0x22 contiki-sky.a(contikimac.o)
 .text.recv_burst_off
                0x000060a4        0xa contiki-sky.a(contikimac.o)
 .text.turn_off
                0x000060ae       0x20 contiki-sky.a(contikimac.o)
 .text.turn_on  0x000060ce       0x30 contiki-sky.a(contikimac.o)
 .text.schedule_powercycle_fixed.part.4
                0x000060fe       0x34 contiki-sky.a(contikimac.o)
 .text.powercycle_turn_radio_off
                0x00006132       0x30 contiki-sky.a(contikimac.o)
 .text.input_packet
                0x00006162      0x122 contiki-sky.a(contikimac.o)
 .text.send_packet
                0x00006284      0x2c8 contiki-sky.a(contikimac.o)
 .text.qsend_list
                0x0000654c       0x82 contiki-sky.a(contikimac.o)
 .text.qsend_packet
                0x000065ce       0x28 contiki-sky.a(contikimac.o)
 .text.powercycle
                0x000065f6      0x1de contiki-sky.a(contikimac.o)
 .text.send_packet
                0x000067d4       0x44 contiki-sky.a(phase.o)
 .text.phase_update
                0x00006818       0x92 contiki-sky.a(phase.o)
                0x00006818                phase_update
 .text.phase_wait
                0x000068aa       0xf2 contiki-sky.a(phase.o)
                0x000068aa                phase_wait
 .text.phase_init
                0x0000699c       0x14 contiki-sky.a(phase.o)
                0x0000699c                phase_init
 .text.call_process
                0x000069b0       0x46 contiki-sky.a(process.o)
 .text.exit_process
                0x000069f6       0x96 contiki-sky.a(process.o)
 .text.do_poll  0x00006a8c       0x30 contiki-sky.a(process.o)
 .text.process_alloc_event
                0x00006abc        0xe contiki-sky.a(process.o)
                0x00006abc                process_alloc_event
 .text.process_init
                0x00006aca       0x1c contiki-sky.a(process.o)
                0x00006aca                process_init
 .text.process_run
                0x00006ae6       0xa2 contiki-sky.a(process.o)
                0x00006ae6                process_run
 .text.process_nevents
                0x00006b88        0xe contiki-sky.a(process.o)
                0x00006b88                process_nevents
 .text.process_post
                0x00006b96       0x54 contiki-sky.a(process.o)
                0x00006b96                process_post
 .text.process_post_synch
                0x00006bea       0x12 contiki-sky.a(process.o)
                0x00006bea                process_post_synch
 .text.process_start
                0x00006bfc       0x36 contiki-sky.a(process.o)
                0x00006bfc                process_start
 .text.process_poll
                0x00006c32       0x18 contiki-sky.a(process.o)
                0x00006c32                process_poll
 .text.autostart_start
                0x00006c4a       0x16 contiki-sky.a(autostart.o)
                0x00006c4a                autostart_start
 .text.compower_accumulate
                0x00006c60       0x72 contiki-sky.a(compower.o)
                0x00006c60                compower_accumulate
 .text.compower_clear
                0x00006cd2       0x12 contiki-sky.a(compower.o)
                0x00006cd2                compower_clear
 .text.compower_attrconv
                0x00006ce4       0x10 contiki-sky.a(compower.o)
                0x00006ce4                compower_attrconv
 .text.process_thread_serial_line_process
                0x00006cf4       0x9e contiki-sky.a(serial-line.o)
 .text.serial_line_input_byte
                0x00006d92       0x4a contiki-sky.a(serial-line.o)
                0x00006d92                serial_line_input_byte
 .text.serial_line_init
                0x00006ddc       0x1c contiki-sky.a(serial-line.o)
                0x00006ddc                serial_line_init
 .text.memb_init
                0x00006df8       0x36 contiki-sky.a(memb.o)
                0x00006df8                memb_init
 .text.memb_alloc
                0x00006e2e       0x3e contiki-sky.a(memb.o)
                0x00006e2e                memb_alloc
 .text.memb_free
                0x00006e6c       0x3a contiki-sky.a(memb.o)
                0x00006e6c                memb_free
 .text.memb_inmemb
                0x00006ea6       0x2a contiki-sky.a(memb.o)
                0x00006ea6                memb_inmemb
 .text.timer_set
                0x00006ed0       0x1c contiki-sky.a(timer.o)
                0x00006ed0                timer_set
 .text.timer_reset
                0x00006eec        0xe contiki-sky.a(timer.o)
                0x00006eec                timer_reset
 .text.timer_expired
                0x00006efa       0x2a contiki-sky.a(timer.o)
                0x00006efa                timer_expired
 .text.list_init
                0x00006f24        0x6 contiki-sky.a(list.o)
                0x00006f24                list_init
 .text.list_head
                0x00006f2a        0x4 contiki-sky.a(list.o)
                0x00006f2a                list_head
 .text.list_tail
                0x00006f2e       0x12 contiki-sky.a(list.o)
                0x00006f2e                list_tail
 .text.list_remove
                0x00006f40       0x34 contiki-sky.a(list.o)
                0x00006f40                list_remove
 .text.list_push
                0x00006f74       0x1a contiki-sky.a(list.o)
                0x00006f74                list_push
 .text.list_add
                0x00006f8e       0x2a contiki-sky.a(list.o)
                0x00006f8e                list_add
 .text.list_length
                0x00006fb8       0x10 contiki-sky.a(list.o)
                0x00006fb8                list_length
 .text.list_item_next
                0x00006fc8        0xc contiki-sky.a(list.o)
                0x00006fc8                list_item_next
 .text.update_time
                0x00006fd4       0x78 contiki-sky.a(etimer.o)
 .text.etimer_request_poll
                0x0000704c        0xa contiki-sky.a(etimer.o)
                0x0000704c                etimer_request_poll
 .text.process_thread_etimer_process
                0x00007056       0xcc contiki-sky.a(etimer.o)
 .text.add_timer
                0x00007122       0x40 contiki-sky.a(etimer.o)
 .text.etimer_set
                0x00007162       0x12 contiki-sky.a(etimer.o)
                0x00007162                etimer_set
 .text.etimer_reset
                0x00007174       0x12 contiki-sky.a(etimer.o)
                0x00007174                etimer_reset
 .text.etimer_expired
                0x00007186        0xe contiki-sky.a(etimer.o)
                0x00007186                etimer_expired
 .text.etimer_pending
                0x00007194        0xc contiki-sky.a(etimer.o)
                0x00007194                etimer_pending
 .text.etimer_next_expiration_time
                0x000071a0       0x16 contiki-sky.a(etimer.o)
                0x000071a0                etimer_next_expiration_time
 .text.etimer_stop
                0x000071b6       0x3e contiki-sky.a(etimer.o)
                0x000071b6                etimer_stop
 .text.process_thread_ctimer_process
                0x000071f4       0xa8 contiki-sky.a(ctimer.o)
 .text.ctimer_init
                0x0000729c       0x18 contiki-sky.a(ctimer.o)
                0x0000729c                ctimer_init
 .text.ctimer_set
                0x000072b4       0x5a contiki-sky.a(ctimer.o)
                0x000072b4                ctimer_set
 .text.ctimer_reset
                0x0000730e       0x3a contiki-sky.a(ctimer.o)
                0x0000730e                ctimer_reset
 .text.ctimer_stop
                0x00007348       0x28 contiki-sky.a(ctimer.o)
                0x00007348                ctimer_stop
 .text.energest_init
                0x00007370       0x26 contiki-sky.a(energest.o)
                0x00007370                energest_init
 .text.energest_type_time
                0x00007396       0x48 contiki-sky.a(energest.o)
                0x00007396                energest_type_time
 .text.energest_type_set
                0x000073de        0xe contiki-sky.a(energest.o)
                0x000073de                energest_type_set
 .text.energest_flush
                0x000073ec       0x48 contiki-sky.a(energest.o)
                0x000073ec                energest_flush
 .text.rtimer_init
                0x00007434        0x6 contiki-sky.a(rtimer.o)
                0x00007434                rtimer_init
 .text.rtimer_set
                0x0000743a       0x24 contiki-sky.a(rtimer.o)
                0x0000743a                rtimer_set
 .text.rtimer_run_next
                0x0000745e       0x26 contiki-sky.a(rtimer.o)
                0x0000745e                rtimer_run_next
 .text.random_init
                0x00007484        0x6 contiki-sky.a(random.o)
                0x00007484                random_init
 .text.random_rand
                0x0000748a        0x6 contiki-sky.a(random.o)
                0x0000748a                random_rand
 .text.ringbuf_init
                0x00007490       0x14 contiki-sky.a(ringbuf.o)
                0x00007490                ringbuf_init
 .text.ringbuf_put
                0x000074a4       0x38 contiki-sky.a(ringbuf.o)
                0x000074a4                ringbuf_put
 .text.ringbuf_get
                0x000074dc       0x32 contiki-sky.a(ringbuf.o)
                0x000074dc                ringbuf_get
 .text.item_from_index
                0x0000750e       0x2a contiki-sky.a(nbr-table.o)
 .text.index_from_key
                0x00007538       0x12 contiki-sky.a(nbr-table.o)
 .text.index_from_item
                0x0000754a       0x1e contiki-sky.a(nbr-table.o)
 .text.nbr_set_bit
                0x00007568       0x58 contiki-sky.a(nbr-table.o)
 .text.index_from_lladdr
                0x000075c0       0x42 contiki-sky.a(nbr-table.o)
 .text.nbr_get_bit.constprop.0
                0x00007602       0x2e contiki-sky.a(nbr-table.o)
 .text.nbr_table_register
                0x00007630       0x26 contiki-sky.a(nbr-table.o)
                0x00007630                nbr_table_register
 .text.nbr_table_add_lladdr
                0x00007656      0x128 contiki-sky.a(nbr-table.o)
                0x00007656                nbr_table_add_lladdr
 .text.nbr_table_get_from_lladdr
                0x0000777e       0x2c contiki-sky.a(nbr-table.o)
                0x0000777e                nbr_table_get_from_lladdr
 .text.nbr_table_remove
                0x000077aa       0x32 contiki-sky.a(nbr-table.o)
                0x000077aa                nbr_table_remove
 .text.packetbuf_copyto_hdr
                0x000077dc       0x1c contiki-sky.a(packetbuf.o)
                0x000077dc                packetbuf_copyto_hdr
 .text.packetbuf_copyto
                0x000077f8       0x52 contiki-sky.a(packetbuf.o)
                0x000077f8                packetbuf_copyto
 .text.packetbuf_hdr_remove
                0x0000784a        0x6 contiki-sky.a(packetbuf.o)
                0x0000784a                packetbuf_hdr_remove
 .text.packetbuf_hdrreduce
                0x00007850       0x1a contiki-sky.a(packetbuf.o)
                0x00007850                packetbuf_hdrreduce
 .text.packetbuf_set_datalen
                0x0000786a        0x6 contiki-sky.a(packetbuf.o)
                0x0000786a                packetbuf_set_datalen
 .text.packetbuf_dataptr
                0x00007870        0xe contiki-sky.a(packetbuf.o)
                0x00007870                packetbuf_dataptr
 .text.packetbuf_hdrptr
                0x0000787e        0xa contiki-sky.a(packetbuf.o)
                0x0000787e                packetbuf_hdrptr
 .text.packetbuf_is_reference
                0x00007888        0xe contiki-sky.a(packetbuf.o)
                0x00007888                packetbuf_is_reference
 .text.packetbuf_compact
                0x00007896       0x48 contiki-sky.a(packetbuf.o)
                0x00007896                packetbuf_compact
 .text.packetbuf_reference_ptr
                0x000078de        0x6 contiki-sky.a(packetbuf.o)
                0x000078de                packetbuf_reference_ptr
 .text.packetbuf_datalen
                0x000078e4        0x6 contiki-sky.a(packetbuf.o)
                0x000078e4                packetbuf_datalen
 .text.packetbuf_totlen
                0x000078ea       0x10 contiki-sky.a(packetbuf.o)
                0x000078ea                packetbuf_totlen
 .text.packetbuf_hdralloc
                0x000078fa       0x2e contiki-sky.a(packetbuf.o)
                0x000078fa                packetbuf_hdralloc
 .text.packetbuf_attr_clear
                0x00007928       0x2c contiki-sky.a(packetbuf.o)
                0x00007928                packetbuf_attr_clear
 .text.packetbuf_clear
                0x00007954       0x1a contiki-sky.a(packetbuf.o)
                0x00007954                packetbuf_clear
 .text.packetbuf_copyfrom
                0x0000796e       0x2e contiki-sky.a(packetbuf.o)
                0x0000796e                packetbuf_copyfrom
 .text.packetbuf_attr_copyto
                0x0000799c       0x20 contiki-sky.a(packetbuf.o)
                0x0000799c                packetbuf_attr_copyto
 .text.packetbuf_attr_copyfrom
                0x000079bc       0x22 contiki-sky.a(packetbuf.o)
                0x000079bc                packetbuf_attr_copyfrom
 .text.remove_queued_packet
                0x000079de       0x36 contiki-sky.a(packetqueue.o)
 .text.packetqueue_enqueue_packetbuf
                0x00007a14       0x7a contiki-sky.a(packetqueue.o)
                0x00007a14                packetqueue_enqueue_packetbuf
 .text.packetqueue_first
                0x00007a8e        0xa contiki-sky.a(packetqueue.o)
                0x00007a8e                packetqueue_first
 .text.packetqueue_dequeue
                0x00007a98       0x40 contiki-sky.a(packetqueue.o)
                0x00007a98                packetqueue_dequeue
 .text.packetqueue_len
                0x00007ad8        0xa contiki-sky.a(packetqueue.o)
                0x00007ad8                packetqueue_len
 .text.packetqueue_queuebuf
                0x00007ae2        0xe contiki-sky.a(packetqueue.o)
                0x00007ae2                packetqueue_queuebuf
 .text.queuebuf_init
                0x00007af0       0x1a contiki-sky.a(queuebuf.o)
                0x00007af0                queuebuf_init
 .text.queuebuf_new_from_packetbuf
                0x00007b0a       0x7e contiki-sky.a(queuebuf.o)
                0x00007b0a                queuebuf_new_from_packetbuf
 .text.queuebuf_update_attr_from_packetbuf
                0x00007b88       0x12 contiki-sky.a(queuebuf.o)
                0x00007b88                queuebuf_update_attr_from_packetbuf
 .text.queuebuf_free
                0x00007b9a       0x40 contiki-sky.a(queuebuf.o)
                0x00007b9a                queuebuf_free
 .text.queuebuf_to_packetbuf
                0x00007bda       0x6e contiki-sky.a(queuebuf.o)
                0x00007bda                queuebuf_to_packetbuf
 .text.queuebuf_attr
                0x00007c48        0xe contiki-sky.a(queuebuf.o)
                0x00007c48                queuebuf_attr
 .text.init_platform
                0x00007c56        0xc contiki-sky.a(contiki-sky-pla)
                0x00007c56                init_platform
 .text.status   0x00007c62       0x18 contiki-sky.a(button-sensor.o)
 .text.value    0x00007c7a       0x20 contiki-sky.a(button-sensor.o)
 .text.configure
                0x00007c9a       0x4c contiki-sky.a(button-sensor.o)
 .text.irq_p2   0x00007ce6       0x88 contiki-sky.a(button-sensor.o)
                0x00007ce6                irq_p2
                0x00007ce6                __isr_1
 .text.owreadb  0x00007d6e       0x50 contiki-sky.a(ds2411.o)
 .text.ds2411_init
                0x00007dbe      0x120 contiki-sky.a(ds2411.o)
                0x00007dbe                ds2411_init
 .text.wait_ready
                0x00007ede       0x4a contiki-sky.a(xmem.o)
 .text.xmem_init
                0x00007f28       0x3c contiki-sky.a(xmem.o)
                0x00007f28                xmem_init
 .text.xmem_pread
                0x00007f64       0xe0 contiki-sky.a(xmem.o)
                0x00007f64                xmem_pread
 .text.node_id_restore
                0x00008044       0x38 contiki-sky.a(node-id.o)
                0x00008044                node_id_restore
 .text.process_thread_sensors_process
                0x0000807c       0xc2 contiki-sky.a(sensors.o)
 .text.sensors_changed
                0x0000813e       0x2a contiki-sky.a(sensors.o)
                0x0000813e                sensors_changed
 .text.strobe   0x00008168       0x1c contiki-sky.a(cc2420.o)
 .text.status   0x00008184       0x22 contiki-sky.a(cc2420.o)
 .text.getreg   0x000081a6       0x4c contiki-sky.a(cc2420.o)
 .text.setreg   0x000081f2       0x4c contiki-sky.a(cc2420.o)
 .text.set_txpower
                0x0000823e       0x24 contiki-sky.a(cc2420.o)
 .text.cc2420_receiving_packet
                0x00008262        0xc contiki-sky.a(cc2420.o)
 .text.pending_packet
                0x0000826e        0x8 contiki-sky.a(cc2420.o)
 .text.on       0x00008276       0x44 contiki-sky.a(cc2420.o)
 .text.flushrx  0x000082ba       0x6c contiki-sky.a(cc2420.o)
 .text.off      0x00008326       0x72 contiki-sky.a(cc2420.o)
 .text.RELEASE_LOCK
                0x00008398       0x28 contiki-sky.a(cc2420.o)
 .text.cc2420_prepare
                0x000083c0       0x82 contiki-sky.a(cc2420.o)
 .text.getrxdata
                0x00008442       0x50 contiki-sky.a(cc2420.o)
 .text.cc2420_on
                0x00008492       0x22 contiki-sky.a(cc2420.o)
                0x00008492                cc2420_on
 .text.cc2420_off
                0x000084b4       0x30 contiki-sky.a(cc2420.o)
                0x000084b4                cc2420_off
 .text.cc2420_cca
                0x000084e4       0x82 contiki-sky.a(cc2420.o)
 .text.cc2420_read
                0x00008566       0xda contiki-sky.a(cc2420.o)
 .text.process_thread_cc2420_process
                0x00008640       0x54 contiki-sky.a(cc2420.o)
 .text.cc2420_set_channel
                0x00008694       0x80 contiki-sky.a(cc2420.o)
                0x00008694                cc2420_set_channel
 .text.cc2420_set_pan_addr
                0x00008714      0x13e contiki-sky.a(cc2420.o)
                0x00008714                cc2420_set_pan_addr
 .text.cc2420_interrupt
                0x00008852       0x1e contiki-sky.a(cc2420.o)
                0x00008852                cc2420_interrupt
 .text.cc2420_get_txpower
                0x00008870       0x1e contiki-sky.a(cc2420.o)
                0x00008870                cc2420_get_txpower
 .text.cc2420_transmit
                0x0000888e      0x1a6 contiki-sky.a(cc2420.o)
 .text.cc2420_send
                0x00008a34       0x12 contiki-sky.a(cc2420.o)
 .text.cc2420_set_cca_threshold
                0x00008a46       0x16 contiki-sky.a(cc2420.o)
                0x00008a46                cc2420_set_cca_threshold
 .text.cc2420_init
                0x00008a5c       0xd2 contiki-sky.a(cc2420.o)
                0x00008a5c                cc2420_init
 .text.cc2420_port1_interrupt
                0x00008b2e       0x62 contiki-sky.a(cc2420-arch.o)
                0x00008b2e                __isr_4
                0x00008b2e                cc2420_port1_interrupt
 .text.cc2420_arch_init
                0x00008b90       0x1a contiki-sky.a(cc2420-arch.o)
                0x00008b90                cc2420_arch_init
 .text.handle_rxdma_timer
                0x00008baa       0x3a contiki-sky.a(uart1.o)
 .text.uart1_active
                0x00008be4       0x18 contiki-sky.a(uart1.o)
                0x00008be4                uart1_active
 .text.uart1_set_input
                0x00008bfc       0x20 contiki-sky.a(uart1.o)
                0x00008bfc                uart1_set_input
 .text.uart1_writeb
                0x00008c1c       0x18 contiki-sky.a(uart1.o)
                0x00008c1c                uart1_writeb
 .text.uart1_init
                0x00008c34       0xf4 contiki-sky.a(uart1.o)
                0x00008c34                uart1_init
 .text.putchar  0x00008d28       0x10 contiki-sky.a(uart1-putchar.o)
                0x00008d28                putchar
 .text.msp430_init_dco
                0x00008d38       0x82 contiki-sky.a(msp430.o)
                0x00008d38                msp430_init_dco
 .text.msp430_add_lpm_req
                0x00008dba        0xc contiki-sky.a(msp430.o)
                0x00008dba                msp430_add_lpm_req
 .text.msp430_cpu_init
                0x00008dc6       0x2a contiki-sky.a(msp430.o)
                0x00008dc6                msp430_cpu_init
 .text.splhigh_
                0x00008df0        0x8 contiki-sky.a(msp430.o)
                0x00008df0                splhigh_
 .text.msp430_sync_dco
                0x00008df8       0x6c contiki-sky.a(msp430.o)
                0x00008df8                msp430_sync_dco
 .text.timera1  0x00008e64       0xfe contiki-sky.a(clock.o)
                0x00008e64                __isr_5
                0x00008e64                timera1
 .text.clock_time
                0x00008f62       0x1a contiki-sky.a(clock.o)
                0x00008f62                clock_time
 .text.clock_init
                0x00008f7c       0x28 contiki-sky.a(clock.o)
                0x00008f7c                clock_init
 .text.clock_delay
                0x00008fa4        0xc contiki-sky.a(clock.o)
                0x00008fa4                clock_delay
 .text.show_leds
                0x00008fb0      0x100 contiki-sky.a(leds.o)
 .text.leds_init
                0x000090b0        0xe contiki-sky.a(leds.o)
                0x000090b0                leds_init
 .text.leds_on  0x000090be       0x14 contiki-sky.a(leds.o)
                0x000090be                leds_on
 .text.leds_off
                0x000090d2       0x14 contiki-sky.a(leds.o)
                0x000090d2                leds_off
 .text.leds_arch_init
                0x000090e6        0xe contiki-sky.a(leds-arch.o)
                0x000090e6                leds_arch_init
 .text.leds_arch_set
                0x000090f4       0x38 contiki-sky.a(leds-arch.o)
                0x000090f4                leds_arch_set
 .text.watchdog_interrupt
                0x0000912c        0x6 contiki-sky.a(watchdog.o)
                0x0000912c                __isr_10
                0x0000912c                watchdog_interrupt
 .text.watchdog_start
                0x00009132       0x14 contiki-sky.a(watchdog.o)
                0x00009132                watchdog_start
 .text.watchdog_periodic
                0x00009146       0x12 contiki-sky.a(watchdog.o)
                0x00009146                watchdog_periodic
 .text.watchdog_stop
                0x00009158       0x16 contiki-sky.a(watchdog.o)
                0x00009158                watchdog_stop
 .text.watchdog_init
                0x0000916e       0x12 contiki-sky.a(watchdog.o)
                0x0000916e                watchdog_init
 .text.rtimer_arch_init
                0x00009180        0xe contiki-sky.a(rtimer-arch.o)
                0x00009180                rtimer_arch_init
 .text.rtimer_arch_now
                0x0000918e        0xe contiki-sky.a(rtimer-arch.o)
                0x0000918e                rtimer_arch_now
 .text.timera0  0x0000919c       0x70 contiki-sky.a(rtimer-arch.o)
                0x0000919c                __isr_6
                0x0000919c                timera0
 .text.rtimer_arch_schedule
                0x0000920c        0x6 contiki-sky.a(rtimer-arch.o)
                0x0000920c                rtimer_arch_schedule
 .text.sent_by_broadcast
                0x00009212       0x10 contiki-sky.a(unicast.o)
 .text.recv_from_broadcast
                0x00009222       0x2e contiki-sky.a(unicast.o)
 .text.unicast_open
                0x00009250       0x2a contiki-sky.a(unicast.o)
                0x00009250                unicast_open
 .text.unicast_send
                0x0000927a       0x16 contiki-sky.a(unicast.o)
                0x0000927a                unicast_send
 .text.mac_call_sent_callback
                0x00009290       0x14 contiki-sky.a(mac.o)
                0x00009290                mac_call_sent_callback
 .text.create   0x000092a4      0x106 contiki-sky.a(framer-802154.o)
 .text.parse    0x000093aa       0xac contiki-sky.a(framer-802154.o)
 .text.spi_init
                0x00009456       0x30 contiki-sky.a(spi.o)
                0x00009456                spi_init
 .text.field_len
                0x00009486       0x90 contiki-sky.a(frame802154.o)
 .text.frame802154_hdrlen
                0x00009516       0x2e contiki-sky.a(frame802154.o)
                0x00009516                frame802154_hdrlen
 .text.frame802154_create
                0x00009544      0x172 contiki-sky.a(frame802154.o)
                0x00009544                frame802154_create
 .text.frame802154_parse
                0x000096b6      0x1c4 contiki-sky.a(frame802154.o)
                0x000096b6                frame802154_parse
 .text.libgcc   0x0000987a       0x2c /usr/local/msp430/bin/../lib/gcc/msp430/4.7.0/mmpy-16/libgcc.a(_mulsi3.o)
                0x0000987a                __mulsi3
 .text.libgcc   0x000098a6       0x22 /usr/local/msp430/bin/../lib/gcc/msp430/4.7.0/mmpy-16/libgcc.a(_udivmod16.o)
                0x000098a6                __udivhi3
                0x000098a6                __ext_udivmod16
                0x000098c0                __umodhi3
 .text.libgcc   0x000098c8       0x3a /usr/local/msp430/bin/../lib/gcc/msp430/4.7.0/mmpy-16/libgcc.a(_divmod16.o)
                0x000098c8                __ext_divmod16
                0x000098c8                __divhi3
                0x000098fa                __modhi3
 .text.libgcc   0x00009902       0x40 /usr/local/msp430/bin/../lib/gcc/msp430/4.7.0/mmpy-16/libgcc.a(_udivmod32.o)
                0x00009902                __udivsi3
                0x00009902                __ext_udivmod32
                0x00009938                __umodsi3
 .text.printf   0x00009942       0x10 /usr/local/msp430/bin/../lib/gcc/msp430/4.7.0/../../../../msp430/lib/mmpy-16/libc.a(printf.o)
                0x00009942                printf
 .text.print_field
                0x00009952      0x194 /usr/local/msp430/bin/../lib/gcc/msp430/4.7.0/../../../../msp430/lib/mmpy-16/libc.a(vuprintf.o)
 .text.vuprintf
                0x00009ae6      0x63c /usr/local/msp430/bin/../lib/gcc/msp430/4.7.0/../../../../msp430/lib/mmpy-16/libc.a(vuprintf.o)
                0x00009ae6                vuprintf
 .text.puts     0x0000a122       0x2c /usr/local/msp430/bin/../lib/gcc/msp430/4.7.0/../../../../msp430/lib/mmpy-16/libc.a(puts.o)
                0x0000a122                puts
 .text.rand     0x0000a14e       0x26 /usr/local/msp430/bin/../lib/gcc/msp430/4.7.0/../../../../msp430/lib/mmpy-16/libc.a(rand.o)
                0x0000a14e                rand
 .text.srand    0x0000a174        0xa /usr/local/msp430/bin/../lib/gcc/msp430/4.7.0/../../../../msp430/lib/mmpy-16/libc.a(rand.o)
                0x0000a174                srand
 .text.memcmp   0x0000a17e       0x30 /usr/local/msp430/bin/../lib/gcc/msp430/4.7.0/../../../../msp430/lib/mmpy-16/libc.a(memcmp.o)
                0x0000a17e                memcmp
 .text.strcpy   0x0000a1ae       0x14 /usr/local/msp430/bin/../lib/gcc/msp430/4.7.0/../../../../msp430/lib/mmpy-16/libc.a(strcpy.o)
                0x0000a1ae                strcpy
 .text.memcpy   0x0000a1c2       0xfa /usr/local/msp430/bin/../lib/gcc/msp430/4.7.0/../../../../msp430/lib/mmpy-16/libc.a(memcpy.o)
                0x0000a1c2                memcpy
 .text.memset   0x0000a2bc       0x6a /usr/local/msp430/bin/../lib/gcc/msp430/4.7.0/../../../../msp430/lib/mmpy-16/libc.a(memset.o)
                0x0000a2bc                memset
 .text.libgcc   0x0000a326       0xf0 /usr/local/msp430/bin/../lib/gcc/msp430/4.7.0/mmpy-16/libgcc.a(_udivmod64.o)
                0x0000a326                __xabi_udivmod64
                0x0000a384                __udivdi3
                0x0000a3aa                __umoddi3
                0x0000a3d8                __udivmoddi4
 .text.crt0     0x0000a416        0x2 /usr/local/msp430/bin/../lib/gcc/msp430/4.7.0/mmpy-16/libcrt0.a(_unexpected_.o)
                0x0000a416                _unexpected_
 *(.near.text .near.text.*)

.rodata         0x0000a418      0x255
                0x0000a418                . = ALIGN (0x2)
 *(.rodata .rodata.* .gnu.linkonce.r.*)
 .rodata        0x0000a418       0x84 example-collect.co
                0x0000a480                autostart_processes
 .rodata        0x0000a49c       0xe1 obj_sky/contiki-sky-main.o
 *fill*         0x0000a57d        0x1 00
 .rodata        0x0000a57e        0x2 contiki-sky.a(rimeaddr.o)
                0x0000a57e                rimeaddr_null
 .rodata        0x0000a580        0xc contiki-sky.a(rime.o)
                0x0000a586                rime_driver
 .rodata        0x0000a58c        0x4 contiki-sky.a(broadcast-annou)
 .rodata        0x0000a590        0x8 contiki-sky.a(broadcast.o)
 .rodata        0x0000a598        0x2 contiki-sky.a(abc.o)
 .rodata        0x0000a59a       0x18 contiki-sky.a(collect.o)
 .rodata        0x0000a5b2       0x10 contiki-sky.a(chameleon-bitop)
                0x0000a5b2                chameleon_bitopt
 .rodata        0x0000a5c2       0x14 contiki-sky.a(csma.o)
                0x0000a5c8                csma_driver
 .rodata        0x0000a5d6       0x1c contiki-sky.a(contikimac.o)
                0x0000a5e2                contikimac_driver
 .rodata        0x0000a5f2        0xe contiki-sky.a(serial-line.o)
 .rodata        0x0000a600        0xc contiki-sky.a(etimer.o)
 .rodata        0x0000a60c        0xf contiki-sky.a(ctimer.o)
 *fill*         0x0000a61b        0x1 00
 .rodata        0x0000a61c       0x10 contiki-sky.a(button-sensor.o)
                0x0000a624                button_sensor
 .rodata        0x0000a62c        0x8 contiki-sky.a(sensors.o)
 .rodata        0x0000a634       0x22 contiki-sky.a(cc2420.o)
                0x0000a634                cc2420_driver
 .rodata        0x0000a656        0xa contiki-sky.a(unicast.o)
 .rodata        0x0000a660        0x4 contiki-sky.a(framer-802154.o)
                0x0000a660                framer_802154
 .rodata        0x0000a664        0x2 contiki-sky.a(frame802154.o)
 .rodata.vuprintf
                0x0000a666        0x7 /usr/local/msp430/bin/../lib/gcc/msp430/4.7.0/../../../../msp430/lib/mmpy-16/libc.a(vuprintf.o)
 *(.near.rodata .near.rodata.*)
                0x0000a66e                . = ALIGN (0x2)
                0x0000a66e                _etext = .

.data           0x00001100       0x9e load address 0x0000a66e
                0x00001100                . = ALIGN (0x2)
                0x00001100                __data_start = .
 *(.data .data.* .gnu.linkonce.d.*)
 .data          0x00001100        0xa example-collect.co
                0x00001100                example_collect_process
 .data          0x0000110a        0x8 contiki-sky.a(collect.o)
 .data          0x00001112        0x8 contiki-sky.a(collect-neighbo)
 .data          0x0000111a       0x18 contiki-sky.a(csma.o)
 .data          0x00001132       0x10 contiki-sky.a(phase.o)
 .data          0x00001142        0xa contiki-sky.a(serial-line.o)
                0x00001142                serial_line_process
 .data          0x0000114c        0xa contiki-sky.a(etimer.o)
                0x0000114c                etimer_process
 .data          0x00001156        0xa contiki-sky.a(ctimer.o)
                0x00001156                ctimer_process
 .data          0x00001160        0x8 contiki-sky.a(nbr-table.o)
 .data          0x00001168       0x18 contiki-sky.a(queuebuf.o)
 .data          0x00001180        0x4 contiki-sky.a(contiki-sky-pla)
                0x00001180                sensors
 .data          0x00001184        0xa contiki-sky.a(sensors.o)
                0x00001184                sensors_process
 .data          0x0000118e        0xa contiki-sky.a(cc2420.o)
                0x0000118e                cc2420_process
 .data          0x00001198        0x2 contiki-sky.a(msp430.o)
 .data.next     0x0000119a        0x4 /usr/local/msp430/bin/../lib/gcc/msp430/4.7.0/../../../../msp430/lib/mmpy-16/libc.a(rand.o)
 *(.near.data .near.data.*)
                0x0000119e                . = ALIGN (0x2)
                0x0000119e                _edata = .
                0x0000a66e                __data_load_start = LOADADDR (.data)
                0x0000009e                __data_size = SIZEOF (.data)

.bss            0x0000119e     0x1944 load address 0x0000a70c
                0x0000119e                __bss_start = .
 *(.bss .bss.*)
 .bss           0x0000119e       0xb8 example-collect.co
 .bss           0x00001256        0xc obj_sky/contiki-sky-main.o
 .bss           0x00001262        0x2 contiki-sky.a(rime.o)
 .bss           0x00001264        0x6 contiki-sky.a(announcement.o)
 .bss           0x0000126a       0x46 contiki-sky.a(broadcast-annou)
 .bss           0x000012b0      0x1be contiki-sky.a(collect.o)
 .bss           0x0000146e      0x322 contiki-sky.a(collect-neighbo)
 .bss           0x00001790        0x2 contiki-sky.a(channel.o)
 .bss           0x00001792      0x126 contiki-sky.a(csma.o)
 .bss           0x000018b8       0x74 contiki-sky.a(contikimac.o)
 .bss           0x0000192c      0x148 contiki-sky.a(phase.o)
 .bss           0x00001a74       0x42 contiki-sky.a(process.o)
                0x00001a74                process_current
                0x00001a76                process_list
 .bss           0x00001ab6        0x8 contiki-sky.a(compower.o)
 .bss           0x00001abe      0x10a contiki-sky.a(serial-line.o)
 .bss           0x00001bc8        0x6 contiki-sky.a(etimer.o)
 .bss           0x00001bce        0x4 contiki-sky.a(ctimer.o)
 .bss           0x00001bd2        0x2 contiki-sky.a(rtimer.o)
 .bss           0x00001bd4       0x4c contiki-sky.a(nbr-table.o)
 .bss           0x00001c20       0xba contiki-sky.a(packetbuf.o)
 .bss           0x00001cda      0xc4e contiki-sky.a(queuebuf.o)
 .bss           0x00002928        0x8 contiki-sky.a(button-sensor.o)
 .bss           0x00002930        0x2 contiki-sky.a(node-id.o)
                0x00002930                node_id
 .bss           0x00002932        0x6 contiki-sky.a(sensors.o)
 .bss           0x00002938        0xa contiki-sky.a(cc2420.o)
 .bss           0x00002942       0x9a contiki-sky.a(uart1.o)
 .bss           0x000029dc        0xa contiki-sky.a(clock.o)
 .bss           0x000029e6        0x2 contiki-sky.a(leds.o)
 .bss           0x000029e8        0x2 contiki-sky.a(watchdog.o)
 .bss           0x000029ea        0x2 contiki-sky.a(framer-802154.o)
 *(.near.bss .near.bss.*)
 *(COMMON)
 COMMON         0x000029ec        0x2 contiki-sky.a(rimeaddr.o)
                0x000029ec                rimeaddr_node_addr
 COMMON         0x000029ee       0x38 contiki-sky.a(collect.o)
                0x000029ee                stats
 COMMON         0x00002a26        0x1 contiki-sky.a(process.o)
                0x00002a26                process_maxevents
 *fill*         0x00002a27        0x1 00
 COMMON         0x00002a28        0x8 contiki-sky.a(compower.o)
                0x00002a28                compower_idle_activity
 COMMON         0x00002a30        0x1 contiki-sky.a(serial-line.o)
                0x00002a30                serial_line_event_message
 *fill*         0x00002a31        0x1 00
 COMMON         0x00002a32       0x56 contiki-sky.a(energest.o)
                0x00002a32                energest_total_time
                0x00002a62                energest_total_count
                0x00002a64                energest_current_mode
                0x00002a70                energest_current_time
 COMMON         0x00002a88       0x38 contiki-sky.a(packetbuf.o)
                0x00002a88                packetbuf_addrs
                0x00002a90                packetbuf_attrs
 COMMON         0x00002ac0        0x2 contiki-sky.a(contiki-sky-pla)
                0x00002ac0                sensors_flags
 COMMON         0x00002ac2        0x8 contiki-sky.a(ds2411.o)
                0x00002ac2                ds2411_id
 COMMON         0x00002aca        0x1 contiki-sky.a(sensors.o)
                0x00002aca                sensors_event
 *fill*         0x00002acb        0x1 00
 COMMON         0x00002acc       0x14 contiki-sky.a(cc2420.o)
                0x00002acc                cc2420_last_rssi
                0x00002ace                cc2420_packets_read
                0x00002ad0                cc2420_packets_seen
                0x00002ad2                cc2420_sfd_start_time
                0x00002ad4                cc2420_time_of_departure
                0x00002ad6                cc2420_time_of_arrival
                0x00002ad8                cc2420_last_correlation
                0x00002ada                cc2420_authority_level_of_sender
                0x00002adc                cc2420_sfd_counter
                0x00002ade                cc2420_sfd_end_time
 COMMON         0x00002ae0        0x2 contiki-sky.a(msp430.o)
                0x00002ae0                msp430_dco_required
                0x00002ae2                . = ALIGN (0x2)
                0x00002ae2                __bss_end = .
                0x00001944                __bss_size = SIZEOF (.bss)

.noinit         0x00002ae2        0x2 load address 0x0000a70c
                0x00002ae2                . = ALIGN (0x2)
                0x00002ae2                __noinit_start = .
 *(.noinit .noinit.*)
 .noinit.crt0   0x00002ae2        0x2 /usr/local/msp430/bin/../lib/gcc/msp430/4.7.0/mmpy-16/libcrt0.a(__watchdog_support.o)
                0x00002ae2                __wdt_clear_value
                0x00002ae4                . = ALIGN (0x2)
                0x00002ae4                __noinit_end = .
                0x00002ae4                . = ALIGN (0x2)
                0x00002ae4                _end = .

.infomem        0x00001000        0x0
                0x00001000                . = ALIGN (0x2)
 *(.infomem .infomem.*)

.infomemnobits  0x00001000        0x0
                0x00001000                . = ALIGN (0x2)
 *(.infomemnobits .infomemnobits.*)

.infoa          0x00001080        0x0
                0x00001080                . = ALIGN (0x2)
 *(.infoa .infoa.*)

.infob          0x00001000        0x0
                0x00001000                . = ALIGN (0x2)
 *(.infob .infob.*)

.infoc          0x00000000        0x0
                0x00000000                . = ALIGN (0x2)
 *(.infoc .infoc.*)

.infod          0x00000000        0x0
                0x00000000                . = ALIGN (0x2)
 *(.infod .infod.*)

.vectors        0x0000ffe0       0x20
                0x0000ffe0                __vectors_start = .
 *(.vectors*)
 .vectors       0x0000ffe0       0x20 /usr/local/msp430/bin/../lib/gcc/msp430/4.7.0/mmpy-16/crt0ivtbl16.o
                0x0000ffe0                __ivtbl_16
                0x00010000                _vectors_end = .

.fartext        0x00000000        0x0
                0x00000000                . = ALIGN (0x2)
 *(.fartext .fartext.*)

.far.text       0x00000000        0x0
                0x00000000                . = ALIGN (0x2)
 *(.far.text .far.text.*)

.far.rodata     0x00000000        0x0
                0x00000000                . = ALIGN (0x2)
 *(.far.rodata .far.rodata.*)
                0x00000000                . = ALIGN (0x2)
                0x00000000                _efartext = .

.far.data       0x00000000        0x0
                0x00000000                . = ALIGN (0x2)
                0x00000000                __far_data_start = .
 *(.far.data .far.data.*)
                0x00000000                . = ALIGN (0x2)
                0x00000000                _efardata = .
                0x00000000                __far_data_load_start = LOADADDR (.far.data)
                0x00000000                __far_data_size = SIZEOF (.far.data)

.far.bss        0x00000000        0x0
                0x00000000                . = ALIGN (0x2)
                0x00000000                __far_bss_start = .
 *(.far.bss .far.bss.*)
                0x00000000                . = ALIGN (0x2)
                0x00000000                __far_bss_end = .
                0x00000000                __far_bss_size = SIZEOF (.far.bss)
                0x00000000                . = ALIGN (0x2)
                0x00000000                _far_end = .

.profiler
 *(.profiler)

.stab
 *(.stab)

.stabstr
 *(.stabstr)

.stab.excl
 *(.stab.excl)

.stab.exclstr
 *(.stab.exclstr)

.stab.index
 *(.stab.index)

.stab.indexstr
 *(.stab.indexstr)

.comment        0x00000000       0x30
 *(.comment)
 .comment       0x00000000       0x30 example-collect.co
                                 0x31 (size before relaxing)
 .comment       0x00000000       0x31 obj_sky/contiki-sky-main.o
 .comment       0x00000000       0x31 contiki-sky.a(rimeaddr.o)
 .comment       0x00000000       0x31 contiki-sky.a(rime.o)
 .comment       0x00000000       0x31 contiki-sky.a(announcement.o)
 .comment       0x00000000       0x31 contiki-sky.a(broadcast-annou)
 .comment       0x00000000       0x31 contiki-sky.a(broadcast.o)
 .comment       0x00000000       0x31 contiki-sky.a(abc.o)
 .comment       0x00000000       0x31 contiki-sky.a(collect.o)
 .comment       0x00000000       0x31 contiki-sky.a(collect-neighbo)
 .comment       0x00000000       0x31 contiki-sky.a(collect-link-es)
 .comment       0x00000000       0x31 contiki-sky.a(chameleon.o)
 .comment       0x00000000       0x31 contiki-sky.a(channel.o)
 .comment       0x00000000       0x31 contiki-sky.a(chameleon-bitop)
 .comment       0x00000000       0x31 contiki-sky.a(csma.o)
 .comment       0x00000000       0x31 contiki-sky.a(contikimac.o)
 .comment       0x00000000       0x31 contiki-sky.a(phase.o)
 .comment       0x00000000       0x31 contiki-sky.a(process.o)
 .comment       0x00000000       0x31 contiki-sky.a(autostart.o)
 .comment       0x00000000       0x31 contiki-sky.a(compower.o)
 .comment       0x00000000       0x31 contiki-sky.a(serial-line.o)
 .comment       0x00000000       0x31 contiki-sky.a(memb.o)
 .comment       0x00000000       0x31 contiki-sky.a(timer.o)
 .comment       0x00000000       0x31 contiki-sky.a(list.o)
 .comment       0x00000000       0x31 contiki-sky.a(etimer.o)
 .comment       0x00000000       0x31 contiki-sky.a(ctimer.o)
 .comment       0x00000000       0x31 contiki-sky.a(energest.o)
 .comment       0x00000000       0x31 contiki-sky.a(rtimer.o)
 .comment       0x00000000       0x31 contiki-sky.a(random.o)
 .comment       0x00000000       0x31 contiki-sky.a(ringbuf.o)
 .comment       0x00000000       0x31 contiki-sky.a(nbr-table.o)
 .comment       0x00000000       0x31 contiki-sky.a(packetbuf.o)
 .comment       0x00000000       0x31 contiki-sky.a(packetqueue.o)
 .comment       0x00000000       0x31 contiki-sky.a(queuebuf.o)
 .comment       0x00000000       0x31 contiki-sky.a(contiki-sky-pla)
 .comment       0x00000000       0x31 contiki-sky.a(button-sensor.o)
 .comment       0x00000000       0x31 contiki-sky.a(ds2411.o)
 .comment       0x00000000       0x31 contiki-sky.a(xmem.o)
 .comment       0x00000000       0x31 contiki-sky.a(node-id.o)
 .comment       0x00000000       0x31 contiki-sky.a(sensors.o)
 .comment       0x00000000       0x31 contiki-sky.a(cc2420.o)
 .comment       0x00000000       0x31 contiki-sky.a(cc2420-arch.o)
 .comment       0x00000000       0x31 contiki-sky.a(uart1.o)
 .comment       0x00000000       0x31 contiki-sky.a(uart1-putchar.o)
 .comment       0x00000000       0x31 contiki-sky.a(msp430.o)
 .comment       0x00000000       0x31 contiki-sky.a(clock.o)
 .comment       0x00000000       0x31 contiki-sky.a(leds.o)
 .comment       0x00000000       0x31 contiki-sky.a(leds-arch.o)
 .comment       0x00000000       0x31 contiki-sky.a(watchdog.o)
 .comment       0x00000000       0x31 contiki-sky.a(rtimer-arch.o)
 .comment       0x00000000       0x31 contiki-sky.a(unicast.o)
 .comment       0x00000000       0x31 contiki-sky.a(mac.o)
 .comment       0x00000000       0x31 contiki-sky.a(framer-802154.o)
 .comment       0x00000000       0x31 contiki-sky.a(spi.o)
 .comment       0x00000000       0x31 contiki-sky.a(frame802154.o)
 .comment       0x00000000       0x31 /usr/local/msp430/bin/../lib/gcc/msp430/4.7.0/../../../../msp430/lib/mmpy-16/libc.a(printf.o)
 .comment       0x00000000       0x31 /usr/local/msp430/bin/../lib/gcc/msp430/4.7.0/../../../../msp430/lib/mmpy-16/libc.a(vuprintf.o)
 .comment       0x00000000       0x31 /usr/local/msp430/bin/../lib/gcc/msp430/4.7.0/../../../../msp430/lib/mmpy-16/libc.a(puts.o)
 .comment       0x00000000       0x31 /usr/local/msp430/bin/../lib/gcc/msp430/4.7.0/../../../../msp430/lib/mmpy-16/libc.a(rand.o)
 .comment       0x00000000       0x31 /usr/local/msp430/bin/../lib/gcc/msp430/4.7.0/../../../../msp430/lib/mmpy-16/libc.a(memcmp.o)
 .comment       0x00000000       0x31 /usr/local/msp430/bin/../lib/gcc/msp430/4.7.0/../../../../msp430/lib/mmpy-16/libc.a(strcpy.o)
 .comment       0x00000000       0x31 /usr/local/msp430/bin/../lib/gcc/msp430/4.7.0/../../../../msp430/lib/mmpy-16/libc.a(memcpy.o)
 .comment       0x00000000       0x31 /usr/local/msp430/bin/../lib/gcc/msp430/4.7.0/../../../../msp430/lib/mmpy-16/libc.a(memset.o)

.debug
 *(.debug)

.line
 *(.line)

.debug_srcinfo
 *(.debug_srcinfo)

.debug_sfnames
 *(.debug_sfnames)

.debug_aranges  0x00000000      0x1a0
 *(.debug_aranges)
 .debug_aranges
                0x00000000       0x14 /usr/local/msp430/bin/../lib/gcc/msp430/4.7.0/mmpy-16/crt0ivtbl16.o
 .debug_aranges
                0x00000014       0x14 /usr/local/msp430/bin/../lib/gcc/msp430/4.7.0/mmpy-16/libgcc.a(_mulsi3.o)
 .debug_aranges
                0x00000028       0x14 /usr/local/msp430/bin/../lib/gcc/msp430/4.7.0/mmpy-16/libgcc.a(_udivmod16.o)
 .debug_aranges
                0x0000003c       0x14 /usr/local/msp430/bin/../lib/gcc/msp430/4.7.0/mmpy-16/libgcc.a(_divmod16.o)
 .debug_aranges
                0x00000050       0x14 /usr/local/msp430/bin/../lib/gcc/msp430/4.7.0/mmpy-16/libgcc.a(_udivmod32.o)
 .debug_aranges
                0x00000064       0x18 /usr/local/msp430/bin/../lib/gcc/msp430/4.7.0/../../../../msp430/lib/mmpy-16/libc.a(printf.o)
 .debug_aranges
                0x0000007c       0x18 /usr/local/msp430/bin/../lib/gcc/msp430/4.7.0/../../../../msp430/lib/mmpy-16/libc.a(vuprintf.o)
 .debug_aranges
                0x00000094       0x14 /usr/local/msp430/bin/../lib/gcc/msp430/4.7.0/../../../../msp430/lib/mmpy-16/libc.a(puts.o)
 .debug_aranges
                0x000000a8       0x1c /usr/local/msp430/bin/../lib/gcc/msp430/4.7.0/../../../../msp430/lib/mmpy-16/libc.a(rand.o)
 .debug_aranges
                0x000000c4       0x14 /usr/local/msp430/bin/../lib/gcc/msp430/4.7.0/../../../../msp430/lib/mmpy-16/libc.a(memcmp.o)
 .debug_aranges
                0x000000d8       0x14 /usr/local/msp430/bin/../lib/gcc/msp430/4.7.0/../../../../msp430/lib/mmpy-16/libc.a(strcpy.o)
 .debug_aranges
                0x000000ec       0x14 /usr/local/msp430/bin/../lib/gcc/msp430/4.7.0/../../../../msp430/lib/mmpy-16/libc.a(memcpy.o)
 .debug_aranges
                0x00000100       0x14 /usr/local/msp430/bin/../lib/gcc/msp430/4.7.0/../../../../msp430/lib/mmpy-16/libc.a(memset.o)
 .debug_aranges
                0x00000114       0x14 /usr/local/msp430/bin/../lib/gcc/msp430/4.7.0/mmpy-16/libgcc.a(_udivmod64.o)
 .debug_aranges
                0x00000128       0x14 /usr/local/msp430/bin/../lib/gcc/msp430/4.7.0/mmpy-16/libcrt0.a(__watchdog_support.o)
 .debug_aranges
                0x0000013c       0x14 /usr/local/msp430/bin/../lib/gcc/msp430/4.7.0/mmpy-16/libcrt0.a(__init_stack.o)
 .debug_aranges
                0x00000150       0x14 /usr/local/msp430/bin/../lib/gcc/msp430/4.7.0/mmpy-16/libcrt0.a(_copy_data.o)
 .debug_aranges
                0x00000164       0x14 /usr/local/msp430/bin/../lib/gcc/msp430/4.7.0/mmpy-16/libcrt0.a(_clear_bss.o)
 .debug_aranges
                0x00000178       0x14 /usr/local/msp430/bin/../lib/gcc/msp430/4.7.0/mmpy-16/libcrt0.a(_endless_loop__.o)
 .debug_aranges
                0x0000018c       0x14 /usr/local/msp430/bin/../lib/gcc/msp430/4.7.0/mmpy-16/libcrt0.a(_unexpected_.o)

.debug_pubnames
 *(.debug_pubnames)

.debug_info     0x00000000     0x144b
 *(.debug_info)
 .debug_info    0x00000000       0x9b /usr/local/msp430/bin/../lib/gcc/msp430/4.7.0/mmpy-16/crt0ivtbl16.o
 .debug_info    0x0000009b       0x98 /usr/local/msp430/bin/../lib/gcc/msp430/4.7.0/mmpy-16/libgcc.a(_mulsi3.o)
 .debug_info    0x00000133       0x98 /usr/local/msp430/bin/../lib/gcc/msp430/4.7.0/mmpy-16/libgcc.a(_udivmod16.o)
 .debug_info    0x000001cb       0x98 /usr/local/msp430/bin/../lib/gcc/msp430/4.7.0/mmpy-16/libgcc.a(_divmod16.o)
 .debug_info    0x00000263       0x98 /usr/local/msp430/bin/../lib/gcc/msp430/4.7.0/mmpy-16/libgcc.a(_udivmod32.o)
 .debug_info    0x000002fb      0x16e /usr/local/msp430/bin/../lib/gcc/msp430/4.7.0/../../../../msp430/lib/mmpy-16/libc.a(printf.o)
 .debug_info    0x00000469      0x5d4 /usr/local/msp430/bin/../lib/gcc/msp430/4.7.0/../../../../msp430/lib/mmpy-16/libc.a(vuprintf.o)
 .debug_info    0x00000a3d       0xc7 /usr/local/msp430/bin/../lib/gcc/msp430/4.7.0/../../../../msp430/lib/mmpy-16/libc.a(puts.o)
 .debug_info    0x00000b04      0x146 /usr/local/msp430/bin/../lib/gcc/msp430/4.7.0/../../../../msp430/lib/mmpy-16/libc.a(rand.o)
 .debug_info    0x00000c4a       0xe5 /usr/local/msp430/bin/../lib/gcc/msp430/4.7.0/../../../../msp430/lib/mmpy-16/libc.a(memcmp.o)
 .debug_info    0x00000d2f       0xbd /usr/local/msp430/bin/../lib/gcc/msp430/4.7.0/../../../../msp430/lib/mmpy-16/libc.a(strcpy.o)
 .debug_info    0x00000dec      0x12c /usr/local/msp430/bin/../lib/gcc/msp430/4.7.0/../../../../msp430/lib/mmpy-16/libc.a(memcpy.o)
 .debug_info    0x00000f18      0x117 /usr/local/msp430/bin/../lib/gcc/msp430/4.7.0/../../../../msp430/lib/mmpy-16/libc.a(memset.o)
 .debug_info    0x0000102f       0x98 /usr/local/msp430/bin/../lib/gcc/msp430/4.7.0/mmpy-16/libgcc.a(_udivmod64.o)
 .debug_info    0x000010c7       0x96 /usr/local/msp430/bin/../lib/gcc/msp430/4.7.0/mmpy-16/libcrt0.a(__watchdog_support.o)
 .debug_info    0x0000115d       0x96 /usr/local/msp430/bin/../lib/gcc/msp430/4.7.0/mmpy-16/libcrt0.a(__init_stack.o)
 .debug_info    0x000011f3       0x96 /usr/local/msp430/bin/../lib/gcc/msp430/4.7.0/mmpy-16/libcrt0.a(_copy_data.o)
 .debug_info    0x00001289       0x96 /usr/local/msp430/bin/../lib/gcc/msp430/4.7.0/mmpy-16/libcrt0.a(_clear_bss.o)
 .debug_info    0x0000131f       0x96 /usr/local/msp430/bin/../lib/gcc/msp430/4.7.0/mmpy-16/libcrt0.a(_endless_loop__.o)
 .debug_info    0x000013b5       0x96 /usr/local/msp430/bin/../lib/gcc/msp430/4.7.0/mmpy-16/libcrt0.a(_unexpected_.o)
 *(.gnu.linkonce.wi.*)

.debug_abbrev   0x00000000      0x833
 *(.debug_abbrev)
 .debug_abbrev  0x00000000       0x14 /usr/local/msp430/bin/../lib/gcc/msp430/4.7.0/mmpy-16/crt0ivtbl16.o
 .debug_abbrev  0x00000014       0x14 /usr/local/msp430/bin/../lib/gcc/msp430/4.7.0/mmpy-16/libgcc.a(_mulsi3.o)
 .debug_abbrev  0x00000028       0x14 /usr/local/msp430/bin/../lib/gcc/msp430/4.7.0/mmpy-16/libgcc.a(_udivmod16.o)
 .debug_abbrev  0x0000003c       0x14 /usr/local/msp430/bin/../lib/gcc/msp430/4.7.0/mmpy-16/libgcc.a(_divmod16.o)
 .debug_abbrev  0x00000050       0x14 /usr/local/msp430/bin/../lib/gcc/msp430/4.7.0/mmpy-16/libgcc.a(_udivmod32.o)
 .debug_abbrev  0x00000064       0xfa /usr/local/msp430/bin/../lib/gcc/msp430/4.7.0/../../../../msp430/lib/mmpy-16/libc.a(printf.o)
 .debug_abbrev  0x0000015e      0x23e /usr/local/msp430/bin/../lib/gcc/msp430/4.7.0/../../../../msp430/lib/mmpy-16/libc.a(vuprintf.o)
 .debug_abbrev  0x0000039c       0xa3 /usr/local/msp430/bin/../lib/gcc/msp430/4.7.0/../../../../msp430/lib/mmpy-16/libc.a(puts.o)
 .debug_abbrev  0x0000043f       0xfb /usr/local/msp430/bin/../lib/gcc/msp430/4.7.0/../../../../msp430/lib/mmpy-16/libc.a(rand.o)
 .debug_abbrev  0x0000053a       0x9e /usr/local/msp430/bin/../lib/gcc/msp430/4.7.0/../../../../msp430/lib/mmpy-16/libc.a(memcmp.o)
 .debug_abbrev  0x000005d8       0x83 /usr/local/msp430/bin/../lib/gcc/msp430/4.7.0/../../../../msp430/lib/mmpy-16/libc.a(strcpy.o)
 .debug_abbrev  0x0000065b       0xab /usr/local/msp430/bin/../lib/gcc/msp430/4.7.0/../../../../msp430/lib/mmpy-16/libc.a(memcpy.o)
 .debug_abbrev  0x00000706       0xa1 /usr/local/msp430/bin/../lib/gcc/msp430/4.7.0/../../../../msp430/lib/mmpy-16/libc.a(memset.o)
 .debug_abbrev  0x000007a7       0x14 /usr/local/msp430/bin/../lib/gcc/msp430/4.7.0/mmpy-16/libgcc.a(_udivmod64.o)
 .debug_abbrev  0x000007bb       0x14 /usr/local/msp430/bin/../lib/gcc/msp430/4.7.0/mmpy-16/libcrt0.a(__watchdog_support.o)
 .debug_abbrev  0x000007cf       0x14 /usr/local/msp430/bin/../lib/gcc/msp430/4.7.0/mmpy-16/libcrt0.a(__init_stack.o)
 .debug_abbrev  0x000007e3       0x14 /usr/local/msp430/bin/../lib/gcc/msp430/4.7.0/mmpy-16/libcrt0.a(_copy_data.o)
 .debug_abbrev  0x000007f7       0x14 /usr/local/msp430/bin/../lib/gcc/msp430/4.7.0/mmpy-16/libcrt0.a(_clear_bss.o)
 .debug_abbrev  0x0000080b       0x14 /usr/local/msp430/bin/../lib/gcc/msp430/4.7.0/mmpy-16/libcrt0.a(_endless_loop__.o)
 .debug_abbrev  0x0000081f       0x14 /usr/local/msp430/bin/../lib/gcc/msp430/4.7.0/mmpy-16/libcrt0.a(_unexpected_.o)

.debug_line     0x00000000      0xcc3
 *(.debug_line)
 .debug_line    0x00000000       0x64 /usr/local/msp430/bin/../lib/gcc/msp430/4.7.0/mmpy-16/crt0ivtbl16.o
 .debug_line    0x00000064       0x77 /usr/local/msp430/bin/../lib/gcc/msp430/4.7.0/mmpy-16/libgcc.a(_mulsi3.o)
 .debug_line    0x000000db       0x70 /usr/local/msp430/bin/../lib/gcc/msp430/4.7.0/mmpy-16/libgcc.a(_udivmod16.o)
 .debug_line    0x0000014b       0x7b /usr/local/msp430/bin/../lib/gcc/msp430/4.7.0/mmpy-16/libgcc.a(_divmod16.o)
 .debug_line    0x000001c6       0x7f /usr/local/msp430/bin/../lib/gcc/msp430/4.7.0/mmpy-16/libgcc.a(_udivmod32.o)
 .debug_line    0x00000245       0xa9 /usr/local/msp430/bin/../lib/gcc/msp430/4.7.0/../../../../msp430/lib/mmpy-16/libc.a(printf.o)
 .debug_line    0x000002ee      0x30a /usr/local/msp430/bin/../lib/gcc/msp430/4.7.0/../../../../msp430/lib/mmpy-16/libc.a(vuprintf.o)
 .debug_line    0x000005f8       0x65 /usr/local/msp430/bin/../lib/gcc/msp430/4.7.0/../../../../msp430/lib/mmpy-16/libc.a(puts.o)
 .debug_line    0x0000065d       0x68 /usr/local/msp430/bin/../lib/gcc/msp430/4.7.0/../../../../msp430/lib/mmpy-16/libc.a(rand.o)
 .debug_line    0x000006c5       0x8f /usr/local/msp430/bin/../lib/gcc/msp430/4.7.0/../../../../msp430/lib/mmpy-16/libc.a(memcmp.o)
 .debug_line    0x00000754       0x4d /usr/local/msp430/bin/../lib/gcc/msp430/4.7.0/../../../../msp430/lib/mmpy-16/libc.a(strcpy.o)
 .debug_line    0x000007a1      0x118 /usr/local/msp430/bin/../lib/gcc/msp430/4.7.0/../../../../msp430/lib/mmpy-16/libc.a(memcpy.o)
 .debug_line    0x000008b9       0xf2 /usr/local/msp430/bin/../lib/gcc/msp430/4.7.0/../../../../msp430/lib/mmpy-16/libc.a(memset.o)
 .debug_line    0x000009ab       0xc9 /usr/local/msp430/bin/../lib/gcc/msp430/4.7.0/mmpy-16/libgcc.a(_udivmod64.o)
 .debug_line    0x00000a74       0x62 /usr/local/msp430/bin/../lib/gcc/msp430/4.7.0/mmpy-16/libcrt0.a(__watchdog_support.o)
 .debug_line    0x00000ad6       0x60 /usr/local/msp430/bin/../lib/gcc/msp430/4.7.0/mmpy-16/libcrt0.a(__init_stack.o)
 .debug_line    0x00000b36       0x66 /usr/local/msp430/bin/../lib/gcc/msp430/4.7.0/mmpy-16/libcrt0.a(_copy_data.o)
 .debug_line    0x00000b9c       0x66 /usr/local/msp430/bin/../lib/gcc/msp430/4.7.0/mmpy-16/libcrt0.a(_clear_bss.o)
 .debug_line    0x00000c02       0x61 /usr/local/msp430/bin/../lib/gcc/msp430/4.7.0/mmpy-16/libcrt0.a(_endless_loop__.o)
 .debug_line    0x00000c63       0x60 /usr/local/msp430/bin/../lib/gcc/msp430/4.7.0/mmpy-16/libcrt0.a(_unexpected_.o)

.debug_frame    0x00000000      0x1d4
 *(.debug_frame)
 .debug_frame   0x00000000       0x2a /usr/local/msp430/bin/../lib/gcc/msp430/4.7.0/../../../../msp430/lib/mmpy-16/libc.a(printf.o)
 .debug_frame   0x0000002a       0xa0 /usr/local/msp430/bin/../lib/gcc/msp430/4.7.0/../../../../msp430/lib/mmpy-16/libc.a(vuprintf.o)
 .debug_frame   0x000000ca       0x24 /usr/local/msp430/bin/../lib/gcc/msp430/4.7.0/../../../../msp430/lib/mmpy-16/libc.a(puts.o)
 .debug_frame   0x000000ee       0x3c /usr/local/msp430/bin/../lib/gcc/msp430/4.7.0/../../../../msp430/lib/mmpy-16/libc.a(rand.o)
 .debug_frame   0x0000012a       0x28 /usr/local/msp430/bin/../lib/gcc/msp430/4.7.0/../../../../msp430/lib/mmpy-16/libc.a(memcmp.o)
 .debug_frame   0x00000152       0x1e /usr/local/msp430/bin/../lib/gcc/msp430/4.7.0/../../../../msp430/lib/mmpy-16/libc.a(strcpy.o)
 .debug_frame   0x00000170       0x32 /usr/local/msp430/bin/../lib/gcc/msp430/4.7.0/../../../../msp430/lib/mmpy-16/libc.a(memcpy.o)
 .debug_frame   0x000001a2       0x32 /usr/local/msp430/bin/../lib/gcc/msp430/4.7.0/../../../../msp430/lib/mmpy-16/libc.a(memset.o)

.debug_str      0x00000000      0x3f9
 *(.debug_str)
 .debug_str     0x00000000       0xee /usr/local/msp430/bin/../lib/gcc/msp430/4.7.0/../../../../msp430/lib/mmpy-16/libc.a(printf.o)
                                0x136 (size before relaxing)
 .debug_str     0x000000ee      0x218 /usr/local/msp430/bin/../lib/gcc/msp430/4.7.0/../../../../msp430/lib/mmpy-16/libc.a(vuprintf.o)
                                0x381 (size before relaxing)
 .debug_str     0x00000306       0x1d /usr/local/msp430/bin/../lib/gcc/msp430/4.7.0/../../../../msp430/lib/mmpy-16/libc.a(puts.o)
                                 0xfb (size before relaxing)
 .debug_str     0x00000323       0x2f /usr/local/msp430/bin/../lib/gcc/msp430/4.7.0/../../../../msp430/lib/mmpy-16/libc.a(rand.o)
                                0x112 (size before relaxing)
 .debug_str     0x00000352       0x20 /usr/local/msp430/bin/../lib/gcc/msp430/4.7.0/../../../../msp430/lib/mmpy-16/libc.a(memcmp.o)
                                 0xfe (size before relaxing)
 .debug_str     0x00000372       0x23 /usr/local/msp430/bin/../lib/gcc/msp430/4.7.0/../../../../msp430/lib/mmpy-16/libc.a(strcpy.o)
                                0x101 (size before relaxing)
 .debug_str     0x00000395       0x3e /usr/local/msp430/bin/../lib/gcc/msp430/4.7.0/../../../../msp430/lib/mmpy-16/libc.a(memcpy.o)
                                0x12c (size before relaxing)
 .debug_str     0x000003d3       0x26 /usr/local/msp430/bin/../lib/gcc/msp430/4.7.0/../../../../msp430/lib/mmpy-16/libc.a(memset.o)
                                0x12a (size before relaxing)

.debug_loc      0x00000000      0xbf0
 *(.debug_loc)
 .debug_loc     0x00000000       0x4c /usr/local/msp430/bin/../lib/gcc/msp430/4.7.0/../../../../msp430/lib/mmpy-16/libc.a(printf.o)
 .debug_loc     0x0000004c      0x7fa /usr/local/msp430/bin/../lib/gcc/msp430/4.7.0/../../../../msp430/lib/mmpy-16/libc.a(vuprintf.o)
 .debug_loc     0x00000846       0x26 /usr/local/msp430/bin/../lib/gcc/msp430/4.7.0/../../../../msp430/lib/mmpy-16/libc.a(puts.o)
 .debug_loc     0x0000086c       0x4f /usr/local/msp430/bin/../lib/gcc/msp430/4.7.0/../../../../msp430/lib/mmpy-16/libc.a(rand.o)
 .debug_loc     0x000008bb       0x4d /usr/local/msp430/bin/../lib/gcc/msp430/4.7.0/../../../../msp430/lib/mmpy-16/libc.a(memcmp.o)
 .debug_loc     0x00000908       0x24 /usr/local/msp430/bin/../lib/gcc/msp430/4.7.0/../../../../msp430/lib/mmpy-16/libc.a(strcpy.o)
 .debug_loc     0x0000092c      0x1e3 /usr/local/msp430/bin/../lib/gcc/msp430/4.7.0/../../../../msp430/lib/mmpy-16/libc.a(memcpy.o)
 .debug_loc     0x00000b0f       0xe1 /usr/local/msp430/bin/../lib/gcc/msp430/4.7.0/../../../../msp430/lib/mmpy-16/libc.a(memset.o)

.debug_macinfo
 *(.debug_macinfo)

.debug_pubtypes
 *(.debug_pubtypes)

.debug_ranges   0x00000000       0x68
 *(.debug_ranges)
 .debug_ranges  0x00000000        0xc /usr/local/msp430/bin/../lib/gcc/msp430/4.7.0/../../../../msp430/lib/mmpy-16/libc.a(printf.o)
 .debug_ranges  0x0000000c       0x24 /usr/local/msp430/bin/../lib/gcc/msp430/4.7.0/../../../../msp430/lib/mmpy-16/libc.a(vuprintf.o)
 .debug_ranges  0x00000030        0x8 /usr/local/msp430/bin/../lib/gcc/msp430/4.7.0/../../../../msp430/lib/mmpy-16/libc.a(puts.o)
 .debug_ranges  0x00000038       0x10 /usr/local/msp430/bin/../lib/gcc/msp430/4.7.0/../../../../msp430/lib/mmpy-16/libc.a(rand.o)
 .debug_ranges  0x00000048        0x8 /usr/local/msp430/bin/../lib/gcc/msp430/4.7.0/../../../../msp430/lib/mmpy-16/libc.a(memcmp.o)
 .debug_ranges  0x00000050        0x8 /usr/local/msp430/bin/../lib/gcc/msp430/4.7.0/../../../../msp430/lib/mmpy-16/libc.a(strcpy.o)
 .debug_ranges  0x00000058        0x8 /usr/local/msp430/bin/../lib/gcc/msp430/4.7.0/../../../../msp430/lib/mmpy-16/libc.a(memcpy.o)
 .debug_ranges  0x00000060        0x8 /usr/local/msp430/bin/../lib/gcc/msp430/4.7.0/../../../../msp430/lib/mmpy-16/libc.a(memset.o)
                0x00003900                PROVIDE (__stack, (ORIGIN (ram) + 0x2800))
                0x0000a66e                __data_start_rom = _etext
                0x0000a70c                __data_end_rom = (_etext + SIZEOF (.data))
OUTPUT(example-collect.sky elf32-msp430)
